Component: Arm Compiler for Embedded 6.22 Tool: armlink [5ee90200]

==============================================================================

Section Cross References

    startup_stm32g431xx.o(RESET) refers to startup_stm32g431xx.o(STACK) for __initial_sp
    startup_stm32g431xx.o(RESET) refers to startup_stm32g431xx.o(.text) for Reset_Handler
    startup_stm32g431xx.o(RESET) refers to stm32g4xx_it.o(.text.NMI_Handler) for NMI_Handler
    startup_stm32g431xx.o(RESET) refers to stm32g4xx_it.o(.text.HardFault_Handler) for HardFault_Handler
    startup_stm32g431xx.o(RESET) refers to stm32g4xx_it.o(.text.MemManage_Handler) for MemManage_Handler
    startup_stm32g431xx.o(RESET) refers to stm32g4xx_it.o(.text.BusFault_Handler) for BusFault_Handler
    startup_stm32g431xx.o(RESET) refers to stm32g4xx_it.o(.text.UsageFault_Handler) for UsageFault_Handler
    startup_stm32g431xx.o(RESET) refers to stm32g4xx_it.o(.text.SVC_Handler) for SVC_Handler
    startup_stm32g431xx.o(RESET) refers to stm32g4xx_it.o(.text.DebugMon_Handler) for DebugMon_Handler
    startup_stm32g431xx.o(RESET) refers to stm32g4xx_it.o(.text.PendSV_Handler) for PendSV_Handler
    startup_stm32g431xx.o(RESET) refers to stm32g4xx_it.o(.text.SysTick_Handler) for SysTick_Handler
    startup_stm32g431xx.o(RESET) refers to stm32g4xx_it.o(.text.EXTI0_IRQHandler) for EXTI0_IRQHandler
    startup_stm32g431xx.o(RESET) refers to stm32g4xx_it.o(.text.EXTI4_IRQHandler) for EXTI4_IRQHandler
    startup_stm32g431xx.o(RESET) refers to stm32g4xx_it.o(.text.ADC1_2_IRQHandler) for ADC1_2_IRQHandler
    startup_stm32g431xx.o(RESET) refers to stm32g4xx_it.o(.text.TIM4_IRQHandler) for TIM4_IRQHandler
    startup_stm32g431xx.o(RESET) refers to stm32g4xx_it.o(.text.USART2_IRQHandler) for USART2_IRQHandler
    startup_stm32g431xx.o(RESET) refers to stm32g4xx_it.o(.text.LPTIM1_IRQHandler) for LPTIM1_IRQHandler
    startup_stm32g431xx.o(.text) refers to system_stm32g4xx.o(.text.SystemInit) for SystemInit
    startup_stm32g431xx.o(.text) refers to entry.o(.ARM.Collect$$$$00000000) for __main
    main.o(.text.main) refers to stm32g4xx_hal.o(.text.HAL_Init) for HAL_Init
    main.o(.text.main) refers to main.o(.text.__NVIC_SetPriorityGrouping) for __NVIC_SetPriorityGrouping
    main.o(.text.main) refers to main.o(.text.SystemClock_Config2MZ) for SystemClock_Config2MZ
    main.o(.text.main) refers to gpio.o(.text.MX_GPIO_Init) for MX_GPIO_Init
    main.o(.text.main) refers to adc.o(.text.MX_ADC1_Init) for MX_ADC1_Init
    main.o(.text.main) refers to adc.o(.text.MX_ADC2_Init) for MX_ADC2_Init
    main.o(.text.main) refers to ram.o(.bss.hadc1) for hadc1
    main.o(.text.main) refers to stm32g4xx_hal_adc_ex.o(.text.HAL_ADCEx_Calibration_Start) for HAL_ADCEx_Calibration_Start
    main.o(.text.main) refers to ram.o(.bss.hadc2) for hadc2
    main.o(.text.main) refers to adc.o(.text.Read_ADC_Values) for Read_ADC_Values
    main.o(.text.main) refers to ram.o(.rodata.flash_address) for flash_address
    main.o(.text.main) refers to main.o(.bss.config_read_back) for config_read_back
    main.o(.text.main) refers to rou_flash.o(.text.Read_Structure_From_Flash) for Read_Structure_From_Flash
    main.o(.text.main) refers to ram.o(.bss.v_AppConfig) for v_AppConfig
    main.o(.text.main) refers to ram.o(.bss.v_ADC1_IN10) for v_ADC1_IN10
    main.o(.text.main) refers to f2d.o(.text) for __aeabi_f2d
    main.o(.text.main) refers to dcmpge.o(.text) for __aeabi_dcmpge
    main.o(.text.main) refers to bootloader.o(.text.Bootloader_JumpToApplication) for Bootloader_JumpToApplication
    main.o(.text.main) refers to main.o(.text.SystemClock_Config) for SystemClock_Config
    main.o(.text.main) refers to ram.o(.bss.usart2_fifo) for usart2_fifo
    main.o(.text.main) refers to fifo.o(.text.fifo_init) for fifo_init
    main.o(.text.main) refers to usart.o(.text.UART2_Init) for UART2_Init
    main.o(.text.main) refers to rou_temp.o(.text.MX_I2C1_Init) for MX_I2C1_Init
    main.o(.text.main) refers to opamp.o(.text.MX_OPAMP1_Init) for MX_OPAMP1_Init
    main.o(.text.main) refers to opamp.o(.text.MX_OPAMP2_Init) for MX_OPAMP2_Init
    main.o(.text.main) refers to rou.o(.text.MX_TIM2_Init_1us) for MX_TIM2_Init_1us
    main.o(.text.main) refers to rou.o(.text.MX_GPIO_EXTI0_Init) for MX_GPIO_EXTI0_Init
    main.o(.text.main) refers to lptim.o(.text.MX_LPTIM1_Init) for MX_LPTIM1_Init
    main.o(.text.main) refers to ram.o(.bss.htim2) for htim2
    main.o(.text.main) refers to stm32g4xx_hal_tim.o(.text.HAL_TIM_Base_Start_IT) for HAL_TIM_Base_Start_IT
    main.o(.text.main) refers to fifo.o(.text.fifo_wait_for) for fifo_wait_for
    main.o(.text.main) refers to fifo.o(.text.fifo_get) for fifo_get
    main.o(.text.main) refers to bootloader.o(.text.Bootloader_Menu) for Bootloader_Menu
    main.o(.ARM.exidx.text.main) refers to main.o(.text.main) for [Anonymous Symbol]
    main.o(.ARM.exidx.text.__NVIC_SetPriorityGrouping) refers to main.o(.text.__NVIC_SetPriorityGrouping) for [Anonymous Symbol]
[...]
    [Anonymous Symbol]                       0x20001805   Section        0  xmodem.o(.bss.flash_buffer)
    flash_write_callback.block_index         0x20002005   Data           1  xmodem.o(.bss.flash_write_callback.block_index)
    [Anonymous Symbol]                       0x20002005   Section        0  xmodem.o(.bss.flash_write_callback.block_index)
    flash_write_callback.rx_crc              0x20002006   Data           4  xmodem.o(.bss.flash_write_callback.rx_crc)
    [Anonymous Symbol]                       0x20002006   Section        0  xmodem.o(.bss.flash_write_callback.rx_crc)
    verify_buffer                            0x20004010   Data        2048  xmodem.o(.bss.verify_buffer)
    [Anonymous Symbol]                       0x20004010   Section        0  xmodem.o(.bss.verify_buffer)
    STACK                                    0x20004820   Section     2048  startup_stm32g431xx.o(STACK)

    Global Symbols

    Symbol Name                              Value     Ov Type        Size  Object(Section)

    BuildAttributes$$THM_ISAv4$E$P$D$K$B$S$7EM$VFPi3$EXTD16$VFPS$VFMA$PE$A:L22UL41UL21$X:L11$S22US41US21$IEEE1$IW$~IW$USESV6$~STKCKD$USESV7$~SHL$OTIME$ROPI$IEEEJ$EBA8$MICROLIB$REQ8$PRES8$EABIv2 0x00000000   Number         0  anon$$obj.o ABSOLUTE
    __cpp_initialize__aeabi_                  - Undefined Weak Reference
    __cxa_finalize                            - Undefined Weak Reference
    __decompress                              - Undefined Weak Reference
    _clock_init                               - Undefined Weak Reference
    _microlib_exit                            - Undefined Weak Reference
    __Vectors_Size                           0x000001d8   Number         0  startup_stm32g431xx.o ABSOLUTE
    __Vectors                                0x08000000   Data           4  startup_stm32g431xx.o(RESET)
    __Vectors_End                            0x080001d8   Data           0  startup_stm32g431xx.o(RESET)
    __main                                   0x080001d9   Thumb Code     0  entry.o(.ARM.Collect$$$$00000000)
    _main_stk                                0x080001d9   Thumb Code     0  entry2.o(.ARM.Collect$$$$00000001)
    _main_scatterload                        0x080001dd   Thumb Code     0  entry5.o(.ARM.Collect$$$$00000004)
    __main_after_scatterload                 0x080001e1   Thumb Code     0  entry5.o(.ARM.Collect$$$$00000004)
    _main_clock                              0x080001e1   Thumb Code     0  entry7b.o(.ARM.Collect$$$$00000008)
    _main_cpp_init                           0x080001e1   Thumb Code     0  entry8b.o(.ARM.Collect$$$$0000000A)
    _main_init                               0x080001e1   Thumb Code     0  entry9a.o(.ARM.Collect$$$$0000000B)
    __rt_final_cpp                           0x080001e9   Thumb Code     0  entry10a.o(.ARM.Collect$$$$0000000D)
    __rt_final_exit                          0x080001e9   Thumb Code     0  entry11a.o(.ARM.Collect$$$$0000000F)
    Reset_Handler                            0x080001ed   Thumb Code     8  startup_stm32g431xx.o(.text)
    COMP1_2_3_IRQHandler                     0x08000207   Thumb Code     0  startup_stm32g431xx.o(.text)
    COMP4_IRQHandler                         0x08000207   Thumb Code     0  startup_stm32g431xx.o(.text)
    CORDIC_IRQHandler                        0x08000207   Thumb Code     0  startup_stm32g431xx.o(.text)
    CRS_IRQHandler                           0x08000207   Thumb Code     0  startup_stm32g431xx.o(.text)
    DMA1_Channel1_IRQHandler                 0x08000207   Thumb Code     0  startup_stm32g431xx.o(.text)
    DMA1_Channel2_IRQHandler                 0x08000207   Thumb Code     0  startup_stm32g431xx.o(.text)
    DMA1_Channel3_IRQHandler                 0x08000207   Thumb Code     0  startup_stm32g431xx.o(.text)
    DMA1_Channel4_IRQHandler                 0x08000207   Thumb Code     0  startup_stm32g431xx.o(.text)
    DMA1_Channel5_IRQHandler                 0x08000207   Thumb Code     0  startup_stm32g431xx.o(.text)
    DMA1_Channel6_IRQHandler                 0x08000207   Thumb Code     0  startup_stm32g431xx.o(.text)
    DMA2_Channel1_IRQHandler                 0x08000207   Thumb Code     0  startup_stm32g431xx.o(.text)
    DMA2_Channel2_IRQHandler                 0x08000207   Thumb Code     0  startup_stm32g431xx.o(.text)
    DMA2_Channel3_IRQHandler                 0x08000207   Thumb Code     0  startup_stm32g431xx.o(.text)
    DMA2_Channel4_IRQHandler                 0x08000207   Thumb Code     0  startup_stm32g431xx.o(.text)
    DMA2_Channel5_IRQHandler                 0x08000207   Thumb Code     0  startup_stm32g431xx.o(.text)
    DMA2_Channel6_IRQHandler                 0x08000207   Thumb Code     0  startup_stm32g431xx.o(.text)
    DMAMUX_OVR_IRQHandler                    0x08000207   Thumb Code     0  startup_stm32g431xx.o(.text)
    EXTI15_10_IRQHandler                     0x08000207   Thumb Code     0  startup_stm32g431xx.o(.text)
    EXTI1_IRQHandler                         0x08000207   Thumb Code     0  startup_stm32g431xx.o(.text)
    EXTI2_IRQHandler                         0x08000207   Thumb Code     0  startup_stm32g431xx.o(.text)
    EXTI3_IRQHandler                         0x08000207   Thumb Code     0  startup_stm32g431xx.o(.text)
    EXTI9_5_IRQHandler                       0x08000207   Thumb Code     0  startup_stm32g431xx.o(.text)
    FDCAN1_IT0_IRQHandler                    0x08000207   Thumb Code     0  startup_stm32g431xx.o(.text)
    FDCAN1_IT1_IRQHandler                    0x08000207   Thumb Code     0  startup_stm32g431xx.o(.text)
    FLASH_IRQHandler                         0x08000207   Thumb Code     0  startup_stm32g431xx.o(.text)
    FMAC_IRQHandler                          0x08000207   Thumb Code     0  startup_stm32g431xx.o(.text)
    FPU_IRQHandler                           0x08000207   Thumb Code     0  startup_stm32g431xx.o(.text)
    I2C1_ER_IRQHandler                       0x08000207   Thumb Code     0  startup_stm32g431xx.o(.text)
    I2C1_EV_IRQHandler                       0x08000207   Thumb Code     0  startup_stm32g431xx.o(.text)
    I2C2_ER_IRQHandler                       0x08000207   Thumb Code     0  startup_stm32g431xx.o(.text)
    I2C2_EV_IRQHandler                       0x08000207   Thumb Code     0  startup_stm32g431xx.o(.text)
    I2C3_ER_IRQHandler                       0x08000207   Thumb Code     0  startup_stm32g431xx.o(.text)
    I2C3_EV_IRQHandler                       0x08000207   Thumb Code     0  startup_stm32g431xx.o(.text)
    LPUART1_IRQHandler                       0x08000207   Thumb Code     0  startup_stm32g431xx.o(.text)
    PVD_PVM_IRQHandler                       0x08000207   Thumb Code     0  startup_stm32g431xx.o(.text)
    RCC_IRQHandler                           0x08000207   Thumb Code     0  startup_stm32g431xx.o(.text)
    RNG_IRQHandler                           0x08000207   Thumb Code     0  startup_stm32g431xx.o(.text)
    RTC_Alarm_IRQHandler                     0x08000207   Thumb Code     0  startup_stm32g431xx.o(.text)
    RTC_TAMP_LSECSS_IRQHandler               0x08000207   Thumb Code     0  startup_stm32g431xx.o(.text)
    RTC_WKUP_IRQHandler                      0x08000207   Thumb Code     0  startup_stm32g431xx.o(.text)
    SAI1_IRQHandler                          0x08000207   Thumb Code     0  startup_stm32g431xx.o(.text)
    SPI1_IRQHandler                          0x08000207   Thumb Code     0  startup_stm32g431xx.o(.text)
    SPI2_IRQHandler                          0x08000207   Thumb Code     0  startup_stm32g431xx.o(.text)
    SPI3_IRQHandler                          0x08000207   Thumb Code     0  startup_stm32g431xx.o(.text)
    TIM1_BRK_TIM15_IRQHandler                0x08000207   Thumb Code     0  startup_stm32g431xx.o(.text)
    TIM1_CC_IRQHandler                       0x08000207   Thumb Code     0  startup_stm32g431xx.o(.text)
    TIM1_TRG_COM_TIM17_IRQHandler            0x08000207   Thumb Code     0  startup_stm32g431xx.o(.text)
    TIM1_UP_TIM16_IRQHandler                 0x08000207   Thumb Code     0  startup_stm32g431xx.o(.text)
    TIM2_IRQHandler                          0x08000207   Thumb Code     0  startup_stm32g431xx.o(.text)
    TIM3_IRQHandler                          0x08000207   Thumb Code     0  startup_stm32g431xx.o(.text)
    TIM6_DAC_IRQHandler                      0x08000207   Thumb Code     0  startup_stm32g431xx.o(.text)
    TIM7_IRQHandler                          0x08000207   Thumb Code     0  startup_stm32g431xx.o(.text)
    TIM8_BRK_IRQHandler                      0x08000207   Thumb Code     0  startup_stm32g431xx.o(.text)
    TIM8_CC_IRQHandler                       0x08000207   Thumb Code     0  startup_stm32g431xx.o(.text)
    TIM8_TRG_COM_IRQHandler                  0x08000207   Thumb Code     0  startup_stm32g431xx.o(.text)
    TIM8_UP_IRQHandler                       0x08000207   Thumb Code     0  startup_stm32g431xx.o(.text)
    UART4_IRQHandler                         0x08000207   Thumb Code     0  startup_stm32g431xx.o(.text)
    UCPD1_IRQHandler                         0x08000207   Thumb Code     0  startup_stm32g431xx.o(.text)
    USART1_IRQHandler                        0x08000207   Thumb Code     0  startup_stm32g431xx.o(.text)
    USART3_IRQHandler                        0x08000207   Thumb Code     0  startup_stm32g431xx.o(.text)
    USBWakeUp_IRQHandler                     0x08000207   Thumb Code     0  startup_stm32g431xx.o(.text)
    USB_HP_IRQHandler                        0x08000207   Thumb Code     0  startup_stm32g431xx.o(.text)
    USB_LP_IRQHandler                        0x08000207   Thumb Code     0  startup_stm32g431xx.o(.text)
    WWDG_IRQHandler                          0x08000207   Thumb Code     0  startup_stm32g431xx.o(.text)
    __aeabi_uldivmod                         0x08000211   Thumb Code    98  uldiv.o(.text)
    __aeabi_memcpy                           0x08000273   Thumb Code    36  memcpya.o(.text)
    __aeabi_memcpy4                          0x08000273   Thumb Code     0  memcpya.o(.text)
    __aeabi_memcpy8                          0x08000273   Thumb Code     0  memcpya.o(.text)
    __aeabi_memset                           0x08000297   Thumb Code    14  memseta.o(.text)
    __aeabi_memset4                          0x08000297   Thumb Code     0  memseta.o(.text)
    __aeabi_memset8                          0x08000297   Thumb Code     0  memseta.o(.text)
    __aeabi_memclr                           0x080002a5   Thumb Code     4  memseta.o(.text)
    __aeabi_memclr4                          0x080002a5   Thumb Code     0  memseta.o(.text)
    __aeabi_memclr8                          0x080002a5   Thumb Code     0  memseta.o(.text)
    _memset$wrapper                          0x080002a9   Thumb Code    18  memseta.o(.text)
    strlen                                   0x080002bb   Thumb Code    14  strlen.o(.text)
    __aeabi_dmul                             0x080002c9   Thumb Code   228  dmul.o(.text)
    __aeabi_dcmpge                           0x080003ad   Thumb Code    54  dcmpge.o(.text)
    __aeabi_f2d                              0x080003e3   Thumb Code    38  f2d.o(.text)
    __aeabi_d2f                              0x08000409   Thumb Code    56  d2f.o(.text)
    __aeabi_uidiv                            0x08000441   Thumb Code     0  uidiv.o(.text)
    __aeabi_uidivmod                         0x08000441   Thumb Code    44  uidiv.o(.text)
    __aeabi_llsl                             0x0800046d   Thumb Code    30  llshl.o(.text)
    _ll_shift_l                              0x0800046d   Thumb Code     0  llshl.o(.text)
    __aeabi_llsr                             0x0800048b   Thumb Code    32  llushr.o(.text)
    _ll_ushift_r                             0x0800048b   Thumb Code     0  llushr.o(.text)
    __strtod_int                             0x080004eb   Thumb Code    94  strtod.o(.text)
    __I$use$fp                               0x08000555   Thumb Code     0  iusefp.o(.text)
    _float_round                             0x08000555   Thumb Code    18  fepilogue.o(.text)
    _float_epilogue                          0x08000567   Thumb Code    92  fepilogue.o(.text)
    _double_round                            0x080005c3   Thumb Code    30  depilogue.o(.text)
    _double_epilogue                         0x080005e1   Thumb Code   156  depilogue.o(.text)
    __aeabi_dadd                             0x0800067d   Thumb Code   322  dadd.o(.text)
    __aeabi_dsub                             0x080007bf   Thumb Code     6  dadd.o(.text)
    __aeabi_drsub                            0x080007c5   Thumb Code     6  dadd.o(.text)
    __aeabi_ddiv                             0x080007cb   Thumb Code   222  ddiv.o(.text)
    __aeabi_d2ulz                            0x080008a9   Thumb Code    48  dfixul.o(.text)
    __aeabi_cdrcmple                         0x080008d9   Thumb Code    48  cdrcmple.o(.text)
    __scatterload                            0x08000909   Thumb Code    38  init.o(.text)
    __scatterload_rt2                        0x08000909   Thumb Code     0  init.o(.text)
    __aeabi_lasr                             0x08000939   Thumb Code    36  llsshr.o(.text)
    _ll_sshift_r                             0x08000939   Thumb Code     0  llsshr.o(.text)
    isspace                                  0x0800095d   Thumb Code    10  isspace_c.o(.text)
    _scanf_real                              0x08000a91   Thumb Code     0  scanf_fp.o(.text)
    _scanf_really_real                       0x08000a91   Thumb Code   556  scanf_fp.o(.text)
    _sgetc                                   0x08000cc9   Thumb Code    30  _sgetc.o(.text)
    _sbackspace                              0x08000ce7   Thumb Code    34  _sgetc.o(.text)
    __ctype_lookup                           0x08000d09   Thumb Code    34  ctype_c.o(.text)
    __aeabi_ul2d                             0x08000d31   Thumb Code    24  dfltul.o(.text)
    ADC1_2_IRQHandler                        0x08000d49   Thumb Code    16  stm32g4xx_it.o(.text.ADC1_2_IRQHandler)
    ADC_ConversionStop                       0x08000d59   Thumb Code   400  stm32g4xx_hal_adc.o(.text.ADC_ConversionStop)
    ADC_Disable                              0x08000ee9   Thumb Code   196  stm32g4xx_hal_adc.o(.text.ADC_Disable)
    ADC_Enable                               0x08000fad   Thumb Code   272  stm32g4xx_hal_adc.o(.text.ADC_Enable)
    Bootloader_JumpToApplication             0x080015ed   Thumb Code   228  bootloader.o(.text.Bootloader_JumpToApplication)
    Bootloader_Menu                          0x080016d1   Thumb Code  1232  bootloader.o(.text.Bootloader_Menu)
    BusFault_Handler                         0x08001ba1   Thumb Code     4  stm32g4xx_it.o(.text.BusFault_Handler)
    Config_Read                              0x08001ba5   Thumb Code   200  rou_flash.o(.text.Config_Read)
    DebugMon_Handler                         0x08001c6d   Thumb Code     2  stm32g4xx_it.o(.text.DebugMon_Handler)
    EXTI0_IRQHandler                         0x08001c71   Thumb Code   148  stm32g4xx_it.o(.text.EXTI0_IRQHandler)
    EXTI4_IRQHandler                         0x08001d0d   Thumb Code    10  stm32g4xx_it.o(.text.EXTI4_IRQHandler)
    Error_Handler                            0x08001d19   Thumb Code    14  main.o(.text.Error_Handler)
    FLASH_FlushCaches                        0x08001d29   Thumb Code   180  stm32g4xx_hal_flash_ex.o(.text.FLASH_FlushCaches)
    FLASH_PageErase                          0x08001e11   Thumb Code    50  stm32g4xx_hal_flash_ex.o(.text.FLASH_PageErase)
    FLASH_WaitForLastOperation               0x08001ee1   Thumb Code   246  stm32g4xx_hal_flash.o(.text.FLASH_WaitForLastOperation)
    HAL_ADCEx_Calibration_Start              0x0800200d   Thumb Code   224  stm32g4xx_hal_adc_ex.o(.text.HAL_ADCEx_Calibration_Start)
    HAL_ADCEx_EndOfSamplingCallback          0x080020ed   Thumb Code     8  stm32g4xx_hal_adc_ex.o(.text.HAL_ADCEx_EndOfSamplingCallback)
    HAL_ADCEx_InjectedConvCpltCallback       0x080020f5   Thumb Code     8  stm32g4xx_hal_adc_ex.o(.text.HAL_ADCEx_InjectedConvCpltCallback)
    HAL_ADCEx_InjectedQueueOverflowCallback  0x080020fd   Thumb Code     8  stm32g4xx_hal_adc_ex.o(.text.HAL_ADCEx_InjectedQueueOverflowCallback)
    HAL_ADCEx_LevelOutOfWindow2Callback      0x08002105   Thumb Code     8  stm32g4xx_hal_adc_ex.o(.text.HAL_ADCEx_LevelOutOfWindow2Callback)
    HAL_ADCEx_LevelOutOfWindow3Callback      0x0800210d   Thumb Code     8  stm32g4xx_hal_adc_ex.o(.text.HAL_ADCEx_LevelOutOfWindow3Callback)
    HAL_ADC_ConfigChannel                    0x08002115   Thumb Code  2024  stm32g4xx_hal_adc.o(.text.HAL_ADC_ConfigChannel)
    HAL_ADC_ConvCpltCallback                 0x08002901   Thumb Code   352  rou_temp.o(.text.HAL_ADC_ConvCpltCallback)
    HAL_ADC_ConvHalfCpltCallback             0x08002a6d   Thumb Code     8  stm32g4xx_hal_adc.o(.text.HAL_ADC_ConvHalfCpltCallback)
    HAL_ADC_ErrorCallback                    0x08002a75   Thumb Code     8  stm32g4xx_hal_adc.o(.text.HAL_ADC_ErrorCallback)
    HAL_ADC_GetValue                         0x08002a7d   Thumb Code    14  stm32g4xx_hal_adc.o(.text.HAL_ADC_GetValue)
    HAL_ADC_IRQHandler                       0x08002a8d   Thumb Code  1202  stm32g4xx_hal_adc.o(.text.HAL_ADC_IRQHandler)
    HAL_ADC_Init                             0x08002f41   Thumb Code   938  stm32g4xx_hal_adc.o(.text.HAL_ADC_Init)
    HAL_ADC_LevelOutOfWindowCallback         0x080032ed   Thumb Code     8  stm32g4xx_hal_adc.o(.text.HAL_ADC_LevelOutOfWindowCallback)
    HAL_ADC_MspInit                          0x080032f5   Thumb Code   172  adc.o(.text.HAL_ADC_MspInit)
    HAL_ADC_PollForConversion                0x080033a1   Thumb Code   508  stm32g4xx_hal_adc.o(.text.HAL_ADC_PollForConversion)
    HAL_ADC_Start                            0x0800359d   Thumb Code   460  stm32g4xx_hal_adc.o(.text.HAL_ADC_Start)
    HAL_ADC_Stop                             0x08003769   Thumb Code   128  stm32g4xx_hal_adc.o(.text.HAL_ADC_Stop)
    HAL_DMA_Abort                            0x080037e9   Thumb Code   156  stm32g4xx_hal_dma.o(.text.HAL_DMA_Abort)
    HAL_DMA_Abort_IT                         0x08003885   Thumb Code   194  stm32g4xx_hal_dma.o(.text.HAL_DMA_Abort_IT)
    HAL_DeInit                               0x08003949   Thumb Code    82  stm32g4xx_hal.o(.text.HAL_DeInit)
    HAL_Delay                                0x0800399d   Thumb Code    66  stm32g4xx_hal.o(.text.HAL_Delay)
    HAL_FLASHEx_Erase                        0x080039e1   Thumb Code   418  stm32g4xx_hal_flash_ex.o(.text.HAL_FLASHEx_Erase)
    HAL_FLASH_Lock                           0x08003b85   Thumb Code    48  stm32g4xx_hal_flash.o(.text.HAL_FLASH_Lock)
    HAL_FLASH_Program                        0x08003bb5   Thumb Code   298  stm32g4xx_hal_flash.o(.text.HAL_FLASH_Program)
    HAL_FLASH_Unlock                         0x08003ce1   Thumb Code    86  stm32g4xx_hal_flash.o(.text.HAL_FLASH_Unlock)
    HAL_GPIO_EXTI_Callback                   0x08003d39   Thumb Code    68  anemo.o(.text.HAL_GPIO_EXTI_Callback)
    HAL_GPIO_EXTI_IRQHandler                 0x08003d7d   Thumb Code    56  stm32g4xx_hal_gpio.o(.text.HAL_GPIO_EXTI_IRQHandler)
    HAL_GPIO_Init                            0x08003db5   Thumb Code   872  stm32g4xx_hal_gpio.o(.text.HAL_GPIO_Init)
    HAL_GPIO_WritePin                        0x0800411d   Thumb Code    44  stm32g4xx_hal_gpio.o(.text.HAL_GPIO_WritePin)
    HAL_GetTick                              0x08004149   Thumb Code    12  stm32g4xx_hal.o(.text.HAL_GetTick)
    HAL_I2CEx_ConfigAnalogFilter             0x08004155   Thumb Code   152  stm32g4xx_hal_i2c_ex.o(.text.HAL_I2CEx_ConfigAnalogFilter)
    HAL_I2CEx_ConfigDigitalFilter            0x080041ed   Thumb Code   162  stm32g4xx_hal_i2c_ex.o(.text.HAL_I2CEx_ConfigDigitalFilter)
    HAL_I2C_Init                             0x08004291   Thumb Code   276  stm32g4xx_hal_i2c.o(.text.HAL_I2C_Init)
    HAL_I2C_Mem_Read                         0x080043a5   Thumb Code   650  stm32g4xx_hal_i2c.o(.text.HAL_I2C_Mem_Read)
    HAL_I2C_MspInit                          0x08004631   Thumb Code   184  rou_temp.o(.text.HAL_I2C_MspInit)
    HAL_IncTick                              0x080046e9   Thumb Code    26  stm32g4xx_hal.o(.text.HAL_IncTick)
    HAL_Init                                 0x08004705   Thumb Code    48  stm32g4xx_hal.o(.text.HAL_Init)
    HAL_InitTick                             0x08004735   Thumb Code   242  stm32g4xx_hal_timebase_tim.o(.text.HAL_InitTick)
    HAL_LPTIM_AutoReloadMatchCallback        0x08004829   Thumb Code    88  anemo.o(.text.HAL_LPTIM_AutoReloadMatchCallback)
    HAL_LPTIM_AutoReloadWriteCallback        0x08004885   Thumb Code     8  stm32g4xx_hal_lptim.o(.text.HAL_LPTIM_AutoReloadWriteCallback)
    HAL_LPTIM_CompareMatchCallback           0x0800488d   Thumb Code     8  stm32g4xx_hal_lptim.o(.text.HAL_LPTIM_CompareMatchCallback)
    HAL_LPTIM_CompareWriteCallback           0x08004895   Thumb Code     8  stm32g4xx_hal_lptim.o(.text.HAL_LPTIM_CompareWriteCallback)
    HAL_LPTIM_Counter_Start_IT               0x0800489d   Thumb Code   214  stm32g4xx_hal_lptim.o(.text.HAL_LPTIM_Counter_Start_IT)
    HAL_LPTIM_DirectionDownCallback          0x08004975   Thumb Code     8  stm32g4xx_hal_lptim.o(.text.HAL_LPTIM_DirectionDownCallback)
    HAL_LPTIM_DirectionUpCallback            0x0800497d   Thumb Code     8  stm32g4xx_hal_lptim.o(.text.HAL_LPTIM_DirectionUpCallback)
    HAL_LPTIM_GetState                       0x08004985   Thumb Code    14  stm32g4xx_hal_lptim.o(.text.HAL_LPTIM_GetState)
    HAL_LPTIM_IRQHandler                     0x08004995   Thumb Code   400  stm32g4xx_hal_lptim.o(.text.HAL_LPTIM_IRQHandler)
    HAL_LPTIM_Init                           0x08004b25   Thumb Code   368  stm32g4xx_hal_lptim.o(.text.HAL_LPTIM_Init)
    HAL_LPTIM_MspInit                        0x08004c95   Thumb Code    28  lptim.o(.text.HAL_LPTIM_MspInit)
    HAL_LPTIM_TriggerCallback                0x08004cb1   Thumb Code     8  stm32g4xx_hal_lptim.o(.text.HAL_LPTIM_TriggerCallback)
    HAL_MspDeInit                            0x08004cb9   Thumb Code   776  bootloader.o(.text.HAL_MspDeInit)
    HAL_MspInit                              0x08004fc1   Thumb Code    72  stm32g4xx_hal_msp.o(.text.HAL_MspInit)
    HAL_NVIC_DisableIRQ                      0x08005009   Thumb Code    20  stm32g4xx_hal_cortex.o(.text.HAL_NVIC_DisableIRQ)
    HAL_NVIC_EnableIRQ                       0x0800501d   Thumb Code    20  stm32g4xx_hal_cortex.o(.text.HAL_NVIC_EnableIRQ)
    HAL_NVIC_SetPriority                     0x08005031   Thumb Code    46  stm32g4xx_hal_cortex.o(.text.HAL_NVIC_SetPriority)
    HAL_NVIC_SetPriorityGrouping             0x08005061   Thumb Code    16  stm32g4xx_hal_cortex.o(.text.HAL_NVIC_SetPriorityGrouping)
    HAL_OPAMP_Init                           0x08005071   Thumb Code   502  stm32g4xx_hal_opamp.o(.text.HAL_OPAMP_Init)
    HAL_OPAMP_MspInit                        0x08005269   Thumb Code   168  opamp.o(.text.HAL_OPAMP_MspInit)
    HAL_OPAMP_Start                          0x08005311   Thumb Code    98  stm32g4xx_hal_opamp.o(.text.HAL_OPAMP_Start)
    HAL_PWREx_ControlVoltageScaling          0x08005375   Thumb Code   436  stm32g4xx_hal_pwr_ex.o(.text.HAL_PWREx_ControlVoltageScaling)
    HAL_PWREx_DisableUCPDDeadBattery         0x08005529   Thumb Code    18  stm32g4xx_hal_pwr_ex.o(.text.HAL_PWREx_DisableUCPDDeadBattery)
    HAL_RCCEx_PeriphCLKConfig                0x0800553d   Thumb Code  1114  stm32g4xx_hal_rcc_ex.o(.text.HAL_RCCEx_PeriphCLKConfig)
    HAL_RCC_ClockConfig                      0x08005999   Thumb Code   806  stm32g4xx_hal_rcc.o(.text.HAL_RCC_ClockConfig)
    HAL_RCC_DeInit                           0x08005cc1   Thumb Code   334  stm32g4xx_hal_rcc.o(.text.HAL_RCC_DeInit)
    HAL_RCC_GetClockConfig                   0x08005e11   Thumb Code    84  stm32g4xx_hal_rcc.o(.text.HAL_RCC_GetClockConfig)
    HAL_RCC_GetHCLKFreq                      0x08005e65   Thumb Code    12  stm32g4xx_hal_rcc.o(.text.HAL_RCC_GetHCLKFreq)
    HAL_RCC_GetPCLK1Freq                     0x08005e71   Thumb Code    38  stm32g4xx_hal_rcc.o(.text.HAL_RCC_GetPCLK1Freq)
    HAL_RCC_GetPCLK2Freq                     0x08005e99   Thumb Code    38  stm32g4xx_hal_rcc.o(.text.HAL_RCC_GetPCLK2Freq)
    HAL_RCC_GetSysClockFreq                  0x08005ec1   Thumb Code   252  stm32g4xx_hal_rcc.o(.text.HAL_RCC_GetSysClockFreq)
    HAL_RCC_OscConfig                        0x08005fbd   Thumb Code  1974  stm32g4xx_hal_rcc.o(.text.HAL_RCC_OscConfig)
    HAL_SuspendTick                          0x08006775   Thumb Code    20  stm32g4xx_hal_timebase_tim.o(.text.HAL_SuspendTick)
    HAL_TIMEx_Break2Callback                 0x08006789   Thumb Code     8  stm32g4xx_hal_tim_ex.o(.text.HAL_TIMEx_Break2Callback)
    HAL_TIMEx_BreakCallback                  0x08006791   Thumb Code     8  stm32g4xx_hal_tim_ex.o(.text.HAL_TIMEx_BreakCallback)
    HAL_TIMEx_CommutCallback                 0x08006799   Thumb Code     8  stm32g4xx_hal_tim_ex.o(.text.HAL_TIMEx_CommutCallback)
    HAL_TIMEx_DirectionChangeCallback        0x080067a1   Thumb Code     8  stm32g4xx_hal_tim_ex.o(.text.HAL_TIMEx_DirectionChangeCallback)
    HAL_TIMEx_EncoderIndexCallback           0x080067a9   Thumb Code     8  stm32g4xx_hal_tim_ex.o(.text.HAL_TIMEx_EncoderIndexCallback)
    HAL_TIMEx_IndexErrorCallback             0x080067b1   Thumb Code     8  stm32g4xx_hal_tim_ex.o(.text.HAL_TIMEx_IndexErrorCallback)
    HAL_TIMEx_TransitionErrorCallback        0x080067b9   Thumb Code     8  stm32g4xx_hal_tim_ex.o(.text.HAL_TIMEx_TransitionErrorCallback)
    HAL_TIM_Base_Init                        0x080067c1   Thumb Code   168  stm32g4xx_hal_tim.o(.text.HAL_TIM_Base_Init)
    HAL_TIM_Base_MspInit                     0x08006869   Thumb Code   108  stm32g4xx_hal_msp.o(.text.HAL_TIM_Base_MspInit)
    HAL_TIM_Base_Start                       0x080068d5   Thumb Code   214  stm32g4xx_hal_tim.o(.text.HAL_TIM_Base_Start)
    HAL_TIM_Base_Start_IT                    0x080069ad   Thumb Code   226  stm32g4xx_hal_tim.o(.text.HAL_TIM_Base_Start_IT)
    HAL_TIM_IC_CaptureCallback               0x08006a91   Thumb Code     8  stm32g4xx_hal_tim.o(.text.HAL_TIM_IC_CaptureCallback)
    HAL_TIM_IRQHandler                       0x08006a99   Thumb Code   768  stm32g4xx_hal_tim.o(.text.HAL_TIM_IRQHandler)
    HAL_TIM_OC_DelayElapsedCallback          0x08006d99   Thumb Code     8  stm32g4xx_hal_tim.o(.text.HAL_TIM_OC_DelayElapsedCallback)
    HAL_TIM_PWM_PulseFinishedCallback        0x08006da1   Thumb Code     8  stm32g4xx_hal_tim.o(.text.HAL_TIM_PWM_PulseFinishedCallback)
    HAL_TIM_PeriodElapsedCallback            0x08006da9   Thumb Code     8  stm32g4xx_hal_tim.o(.text.HAL_TIM_PeriodElapsedCallback)
    HAL_TIM_TriggerCallback                  0x08006db1   Thumb Code     8  stm32g4xx_hal_tim.o(.text.HAL_TIM_TriggerCallback)
    HAL_UARTEx_DisableFifoMode               0x08006db9   Thumb Code   124  stm32g4xx_hal_uart_ex.o(.text.HAL_UARTEx_DisableFifoMode)
    HAL_UARTEx_RxEventCallback               0x08006e35   Thumb Code    12  stm32g4xx_hal_uart.o(.text.HAL_UARTEx_RxEventCallback)
    HAL_UARTEx_RxFifoFullCallback            0x08006e41   Thumb Code     8  stm32g4xx_hal_uart_ex.o(.text.HAL_UARTEx_RxFifoFullCallback)
    HAL_UARTEx_SetRxFifoThreshold            0x08006e49   Thumb Code   140  stm32g4xx_hal_uart_ex.o(.text.HAL_UARTEx_SetRxFifoThreshold)
    HAL_UARTEx_SetTxFifoThreshold            0x08006ed5   Thumb Code   140  stm32g4xx_hal_uart_ex.o(.text.HAL_UARTEx_SetTxFifoThreshold)
    HAL_UARTEx_TxFifoEmptyCallback           0x08006f61   Thumb Code     8  stm32g4xx_hal_uart_ex.o(.text.HAL_UARTEx_TxFifoEmptyCallback)
    HAL_UARTEx_WakeupCallback                0x08006f69   Thumb Code     8  stm32g4xx_hal_uart_ex.o(.text.HAL_UARTEx_WakeupCallback)
    HAL_UART_AbortCpltCallback               0x08006f71   Thumb Code     8  stm32g4xx_hal_uart.o(.text.HAL_UART_AbortCpltCallback)
    HAL_UART_AbortReceiveCpltCallback        0x08006f79   Thumb Code     8  stm32g4xx_hal_uart.o(.text.HAL_UART_AbortReceiveCpltCallback)
    HAL_UART_AbortTransmitCpltCallback       0x08006f81   Thumb Code     8  stm32g4xx_hal_uart.o(.text.HAL_UART_AbortTransmitCpltCallback)
    HAL_UART_ErrorCallback                   0x08006f89   Thumb Code     8  stm32g4xx_hal_uart.o(.text.HAL_UART_ErrorCallback)
    HAL_UART_IRQHandler                      0x08006f91   Thumb Code  1448  stm32g4xx_hal_uart.o(.text.HAL_UART_IRQHandler)
    HAL_UART_Init                            0x08007539   Thumb Code   204  stm32g4xx_hal_uart.o(.text.HAL_UART_Init)
    HAL_UART_MspInit                         0x08007605   Thumb Code   166  usart.o(.text.HAL_UART_MspInit)
    HAL_UART_Receive_IT                      0x080076ad   Thumb Code   160  stm32g4xx_hal_uart.o(.text.HAL_UART_Receive_IT)
    HAL_UART_RegisterCallback                0x0800774d   Thumb Code   360  stm32g4xx_hal_uart.o(.text.HAL_UART_RegisterCallback)
    HAL_UART_RxCpltCallback                  0x080078b5   Thumb Code    72  stm32g4xx_it.o(.text.HAL_UART_RxCpltCallback)
    HAL_UART_RxHalfCpltCallback              0x080078fd   Thumb Code     8  stm32g4xx_hal_uart.o(.text.HAL_UART_RxHalfCpltCallback)
    HAL_UART_Transmit                        0x08007905   Thumb Code   312  stm32g4xx_hal_uart.o(.text.HAL_UART_Transmit)
    HAL_UART_TxCpltCallback                  0x08007a3d   Thumb Code     8  stm32g4xx_hal_uart.o(.text.HAL_UART_TxCpltCallback)
    HAL_UART_TxHalfCpltCallback              0x08007a45   Thumb Code     8  stm32g4xx_hal_uart.o(.text.HAL_UART_TxHalfCpltCallback)
    HardFault_Handler                        0x08007a4d   Thumb Code     4  stm32g4xx_it.o(.text.HardFault_Handler)
    LPTIM1_IRQHandler                        0x08008345   Thumb Code    16  stm32g4xx_it.o(.text.LPTIM1_IRQHandler)
    LPTIM_Disable                            0x08008355   Thumb Code   420  stm32g4xx_hal_lptim.o(.text.LPTIM_Disable)
    MX_ADC1_Init                             0x08008581   Thumb Code   130  adc.o(.text.MX_ADC1_Init)
    MX_ADC2_Init                             0x08008605   Thumb Code   134  adc.o(.text.MX_ADC2_Init)
    MX_GPIO_EXTI0_Init                       0x0800868d   Thumb Code    82  rou.o(.text.MX_GPIO_EXTI0_Init)
    MX_GPIO_Init                             0x080086e1   Thumb Code   166  gpio.o(.text.MX_GPIO_Init)
    MX_I2C1_Init                             0x08008789   Thumb Code   118  rou_temp.o(.text.MX_I2C1_Init)
    MX_LPTIM1_Init                           0x08008801   Thumb Code   206  lptim.o(.text.MX_LPTIM1_Init)
    MX_OPAMP1_Init                           0x080088d1   Thumb Code    80  opamp.o(.text.MX_OPAMP1_Init)
    MX_OPAMP2_Init                           0x08008921   Thumb Code    80  opamp.o(.text.MX_OPAMP2_Init)
    MX_TIM2_Init_1us                         0x08008971   Thumb Code   138  rou.o(.text.MX_TIM2_Init_1us)
    MemManage_Handler                        0x080089fd   Thumb Code     4  stm32g4xx_it.o(.text.MemManage_Handler)
    NMI_Handler                              0x08008a01   Thumb Code     4  stm32g4xx_it.o(.text.NMI_Handler)
    PendSV_Handler                           0x08008a71   Thumb Code     2  stm32g4xx_it.o(.text.PendSV_Handler)
    Read_ADC_Values                          0x08008b11   Thumb Code   240  adc.o(.text.Read_ADC_Values)
    Read_Structure_From_Flash                0x08008c09   Thumb Code    24  rou_flash.o(.text.Read_Structure_From_Flash)
    Read_UniqueID                            0x08008c21   Thumb Code    50  rou_flash.o(.text.Read_UniqueID)
    SVC_Handler                              0x08008c55   Thumb Code     2  stm32g4xx_it.o(.text.SVC_Handler)
    SendCharFTDI                             0x08008c59   Thumb Code    34  rou.o(.text.SendCharFTDI)
    SendStringFTDI                           0x08008c7d   Thumb Code    38  rou.o(.text.SendStringFTDI)
    SysTick_Handler                          0x08008ca5   Thumb Code     2  stm32g4xx_it.o(.text.SysTick_Handler)
    SystemClock_Config                       0x08008ca9   Thumb Code   142  main.o(.text.SystemClock_Config)
    SystemClock_Config2MZ                    0x08008d39   Thumb Code   138  main.o(.text.SystemClock_Config2MZ)
    SystemInit                               0x08008dc5   Thumb Code    18  system_stm32g4xx.o(.text.SystemInit)
    TIM4_IRQHandler                          0x08008dd9   Thumb Code    20  stm32g4xx_it.o(.text.TIM4_IRQHandler)
    TIM_Base_SetConfig                       0x08008ded   Thumb Code   406  stm32g4xx_hal_tim.o(.text.TIM_Base_SetConfig)
    TMP1075_ReadTemperature                  0x08008f85   Thumb Code   140  rou_temp.o(.text.TMP1075_ReadTemperature)
    UART2_Init                               0x08009015   Thumb Code   238  usart.o(.text.UART2_Init)
    UART_AdvFeatureConfig                    0x0800918d   Thumb Code   328  stm32g4xx_hal_uart.o(.text.UART_AdvFeatureConfig)
    UART_CheckIdleState                      0x080092d5   Thumb Code   326  stm32g4xx_hal_uart.o(.text.UART_CheckIdleState)
    UART_InitCallbacksToDefault              0x08009525   Thumb Code   176  stm32g4xx_hal_uart.o(.text.UART_InitCallbacksToDefault)
    UART_SetConfig                           0x08009efd   Thumb Code  1392  stm32g4xx_hal_uart.o(.text.UART_SetConfig)
    UART_Start_Receive_IT                    0x0800a46d   Thumb Code   546  stm32g4xx_hal_uart.o(.text.UART_Start_Receive_IT)
    UART_WaitOnFlagUntilTimeout              0x0800a691   Thumb Code   268  stm32g4xx_hal_uart.o(.text.UART_WaitOnFlagUntilTimeout)
    USART2_IRQHandler                        0x0800a79d   Thumb Code    16  stm32g4xx_it.o(.text.USART2_IRQHandler)
    UsageFault_Handler                       0x0800a7ad   Thumb Code     4  stm32g4xx_it.o(.text.UsageFault_Handler)
    Write_Structure_To_Flash                 0x0800a7b1   Thumb Code   138  rou_flash.o(.text.Write_Structure_To_Flash)
    calculer_vitesse_vent                    0x0800a971   Thumb Code   140  anemo.o(.text.calculer_vitesse_vent)
    fifo_get                                 0x0800aa01   Thumb Code    96  fifo.o(.text.fifo_get)
    fifo_init                                0x0800aa61   Thumb Code    30  fifo.o(.text.fifo_init)
    fifo_is_empy                             0x0800aa81   Thumb Code    54  fifo.o(.text.fifo_is_empy)
    fifo_put                                 0x0800aab9   Thumb Code    92  fifo.o(.text.fifo_put)
    fifo_wait_for                            0x0800ab15   Thumb Code   150  fifo.o(.text.fifo_wait_for)
    flash_read                               0x0800ac5d   Thumb Code    26  rou_flash.o(.text.flash_read)
    flash_write                              0x0800ac79   Thumb Code   152  rou_flash.o(.text.flash_write)
    flash_write_callback                     0x0800ad11   Thumb Code   322  xmodem.o(.text.flash_write_callback)
    get_time_us                              0x0800ae55   Thumb Code    14  anemo.o(.text.get_time_us)
    main                                     0x0800ae69   Thumb Code   368  main.o(.text.main)
    xmodem_receive_1k_blockwise              0x0800b081   Thumb Code   734  xmodem.o(.text.xmodem_receive_1k_blockwise)
    __0snprintf                              0x0800b361   Thumb Code    48  printfa.o(i.__0snprintf)
    __1snprintf                              0x0800b361   Thumb Code     0  printfa.o(i.__0snprintf)
    __2snprintf                              0x0800b361   Thumb Code     0  printfa.o(i.__0snprintf)
    __c89snprintf                            0x0800b361   Thumb Code     0  printfa.o(i.__0snprintf)
    snprintf                                 0x0800b361   Thumb Code     0  printfa.o(i.__0snprintf)
    __hardfp_atof                            0x0800b399   Thumb Code    46  atof.o(i.__hardfp_atof)
    __read_errno                             0x0800b3d1   Thumb Code     6  errno.o(i.__read_errno)
    __scatterload_copy                       0x0800b3dd   Thumb Code    14  handlers.o(i.__scatterload_copy)
    __scatterload_null                       0x0800b3eb   Thumb Code     2  handlers.o(i.__scatterload_null)
    __scatterload_zeroinit                   0x0800b3ed   Thumb Code    14  handlers.o(i.__scatterload_zeroinit)
    __set_errno                              0x0800b3fd   Thumb Code     6  errno.o(i.__set_errno)
    _is_digit                                0x0800b58d   Thumb Code    14  scanf_fp.o(i._is_digit)
    __ctype_categories                       0x0800bce0   Data          64  ctype_c.o(.constdata)
    AHBPrescTable                            0x0800bd20   Data          16  system_stm32g4xx.o(.rodata.AHBPrescTable)
    APBPrescTable                            0x0800bd30   Data           8  system_stm32g4xx.o(.rodata.APBPrescTable)
    UARTPrescTable                           0x0800bd48   Data          24  stm32g4xx_hal_uart.o(.rodata.UARTPrescTable)
    flash_address                            0x0800bf60   Data           4  ram.o(.rodata.flash_address)
    flash_address_config                     0x0800bf64   Data           4  ram.o(.rodata.flash_address_config)
    menu_items                               0x0800bf68   Data          32  bootloader.o(.rodata.menu_items)
    Region$$Table$$Base                      0x0800c4e0   Number         0  anon$$obj.o(Region$$Table)
    Region$$Table$$Limit                     0x0800c500   Number         0  anon$$obj.o(Region$$Table)
    SystemCoreClock                          0x20000004   Data           4  system_stm32g4xx.o(.data.SystemCoreClock)
    ascii_art                                0x20000008   Data          20  bootloader.o(.data.ascii_art)
    pFlash                                   0x20000020   Data          32  stm32g4xx_hal_flash.o(.data.pFlash)
    uwTickFreq                               0x20000040   Data           4  stm32g4xx_hal.o(.data.uwTickFreq)
    uwTickPrio                               0x20000044   Data           4  stm32g4xx_hal.o(.data.uwTickPrio)
    AD1_RES                                  0x20000800   Data           8  ram.o(.bss.AD1_RES)
    TVraiInt                                 0x20000808   Data           4  anemo.o(.bss.TVraiInt)
    TimHandle                                0x2000080c   Data          76  ram.o(.bss.TimHandle)
    adc1_in10                                0x20000858   Data           4  rou_temp.o(.bss.adc1_in10)
    adc1_value                               0x2000085c   Data           2  adc.o(.bss.adc1_value)
    adc2_in10                                0x20000860   Data           4  rou_temp.o(.bss.adc2_in10)
    adc2_value                               0x20000864   Data           2  adc.o(.bss.adc2_value)
    config_read_back                         0x20001000   Data        2048  main.o(.bss.config_read_back)
    fcurrent_tick                            0x20001800   Data           4  ram.o(.bss.fcurrent_tick)
    flast_tick                               0x2000200c   Data           4  ram.o(.bss.flast_tick)
    g_exti0_delta_us                         0x20002010   Data           4  anemo.o(.bss.g_exti0_delta_us)
    g_tim2_lastCapture                       0x20002014   Data           4  anemo.o(.bss.g_tim2_lastCapture)
    hUART2                                   0x20002018   Data         204  ram.o(.bss.hUART2)
    hadc1                                    0x200020e4   Data         152  ram.o(.bss.hadc1)
    hadc2                                    0x2000217c   Data         152  ram.o(.bss.hadc2)
    hi2c1                                    0x20002214   Data          84  ram.o(.bss.hi2c1)
    hlptim1                                  0x20002268   Data          56  ram.o(.bss.hlptim1)
    hopamp1                                  0x200022a0   Data          60  opamp.o(.bss.hopamp1)
    hopamp2                                  0x200022dc   Data          60  opamp.o(.bss.hopamp2)
    htim2                                    0x20002318   Data          76  ram.o(.bss.htim2)
    interval                                 0x20002364   Data           4  ram.o(.bss.interval)
    received_char2                           0x20002368   Data           1  stm32g4xx_it.o(.bss.received_char2)
    t1                                       0x2000236c   Data           4  ram.o(.bss.t1)
    usart2_fifo                              0x20002370   Data        2056  ram.o(.bss.usart2_fifo)
    uwTick                                   0x20002b78   Data           4  stm32g4xx_hal.o(.bss.uwTick)
    v_ADC1_IN10                              0x20002b7c   Data           4  ram.o(.bss.v_ADC1_IN10)
    v_ADC2_IN10                              0x20002b80   Data           4  ram.o(.bss.v_ADC2_IN10)
    v_AppConfig                              0x20003000   Data        2048  ram.o(.bss.v_AppConfig)
    v_config_system                          0x20003800   Data        2048  ram.o(.bss.v_config_system)
    v_moy_adc1_in10                          0x20004000   Data           2  rou_temp.o(.bss.v_moy_adc1_in10)
    v_moy_adc2_in10                          0x20004002   Data           2  rou_temp.o(.bss.v_moy_adc2_in10)
    v_temperature_mesuree                    0x20004004   Data           4  ram.o(.bss.v_temperature_mesuree)
    v_temperture_TM1075                      0x20004008   Data           4  ram.o(.bss.v_temperture_TM1075)
    v_vitesse_vent                           0x2000400c   Data           4  ram.o(.bss.v_vitesse_vent)
    w_ADC1_IN10                              0x20004810   Data           4  rou_temp.o(.bss.w_ADC1_IN10)
    w_ADC2_IN10                              0x20004814   Data           4  rou_temp.o(.bss.w_ADC2_IN10)
    w_nbr_acq1_temp                          0x20004818   Data           4  rou_temp.o(.bss.w_nbr_acq1_temp)
    __initial_sp                             0x20005020   Data           0  startup_stm32g431xx.o(STACK)



==============================================================================

Memory Map of the image

  Image Entry point : 0x080001d9

  Load Region LR_IROM1 (Base: 0x08000000, Size: 0x0000d000, Max: 0x00010000, ABSOLUTE)

    Execution Region ER_IROM1 (Exec base: 0x08000000, Load base: 0x08000000, Size: 0x0000c500, Max: 0x00010000, ABSOLUTE)

    Exec Addr    Load Addr    Size         Type   Attr      Idx    E Section Name        Object

    0x08000000   0x08000000   0x000001d8   Data   RO            3    RESET               startup_stm32g431xx.o
    0x080001d8   0x080001d8   0x00000000   Code   RO         2257  * .ARM.Collect$$$$00000000  mc_w.l(entry.o)
    0x080001d8   0x080001d8   0x00000004   Code   RO         2306    .ARM.Collect$$$$00000001  mc_w.l(entry2.o)
    0x080001dc   0x080001dc   0x00000004   Code   RO         2309    .ARM.Collect$$$$00000004  mc_w.l(entry5.o)
    0x080001e0   0x080001e0   0x00000000   Code   RO         2311    .ARM.Collect$$$$00000008  mc_w.l(entry7b.o)
    0x080001e0   0x080001e0   0x00000000   Code   RO         2313    .ARM.Collect$$$$0000000A  mc_w.l(entry8b.o)
    0x080001e0   0x080001e0   0x00000008   Code   RO         2314    .ARM.Collect$$$$0000000B  mc_w.l(entry9a.o)
    0x080001e8   0x080001e8   0x00000000   Code   RO         2316    .ARM.Collect$$$$0000000D  mc_w.l(entry10a.o)
    0x080001e8   0x080001e8   0x00000000   Code   RO         2318    .ARM.Collect$$$$0000000F  mc_w.l(entry11a.o)
    0x080001e8   0x080001e8   0x00000004   Code   RO         2307    .ARM.Collect$$$$00002712  mc_w.l(entry2.o)
    0x080001ec   0x080001ec   0x00000024   Code   RO            4    .text               startup_stm32g431xx.o
    0x08000210   0x08000210   0x00000062   Code   RO         2260    .text               mc_w.l(uldiv.o)
    0x08000272   0x08000272   0x00000024   Code   RO         2262    .text               mc_w.l(memcpya.o)
    0x08000296   0x08000296   0x00000024   Code   RO         2264    .text               mc_w.l(memseta.o)
    0x080002ba   0x080002ba   0x0000000e   Code   RO         2266    .text               mc_w.l(strlen.o)
    0x080002c8   0x080002c8   0x000000e4   Code   RO         2298    .text               mf_w.l(dmul.o)
    0x080003ac   0x080003ac   0x00000036   Code   RO         2300    .text               mf_w.l(dcmpge.o)
    0x080003e2   0x080003e2   0x00000026   Code   RO         2302    .text               mf_w.l(f2d.o)
    0x08000408   0x08000408   0x00000038   Code   RO         2304    .text               mf_w.l(d2f.o)
    0x08000440   0x08000440   0x0000002c   Code   RO         2334    .text               mc_w.l(uidiv.o)
    0x0800046c   0x0800046c   0x0000001e   Code   RO         2336    .text               mc_w.l(llshl.o)
    0x0800048a   0x0800048a   0x00000020   Code   RO         2338    .text               mc_w.l(llushr.o)
    0x080004aa   0x080004aa   0x00000002   PAD
    0x080004ac   0x080004ac   0x000000a8   Code   RO         2347    .text               mc_w.l(strtod.o)
    0x08000554   0x08000554   0x00000000   Code   RO         2349    .text               mc_w.l(iusefp.o)
    0x08000554   0x08000554   0x0000006e   Code   RO         2350    .text               mf_w.l(fepilogue.o)
    0x080005c2   0x080005c2   0x000000ba   Code   RO         2352    .text               mf_w.l(depilogue.o)
    0x0800067c   0x0800067c   0x0000014e   Code   RO         2354    .text               mf_w.l(dadd.o)
    0x080007ca   0x080007ca   0x000000de   Code   RO         2356    .text               mf_w.l(ddiv.o)
    0x080008a8   0x080008a8   0x00000030   Code   RO         2358    .text               mf_w.l(dfixul.o)
    0x080008d8   0x080008d8   0x00000030   Code   RO         2360    .text               mf_w.l(cdrcmple.o)
    0x08000908   0x08000908   0x00000030   Code   RO         2362    .text               mc_w.l(init.o)
    0x08000938   0x08000938   0x00000024   Code   RO         2365    .text               mc_w.l(llsshr.o)
    0x0800095c   0x0800095c   0x0000000a   Code   RO         2367    .text               mc_w.l(isspace_c.o)
    0x08000966   0x08000966   0x00000002   PAD
    0x08000968   0x08000968   0x00000360   Code   RO         2369    .text               mc_w.l(scanf_fp.o)
    0x08000cc8   0x08000cc8   0x00000040   Code   RO         2373    .text               mc_w.l(_sgetc.o)
    0x08000d08   0x08000d08   0x00000028   Code   RO         2376    .text               mc_w.l(ctype_c.o)
    0x08000d30   0x08000d30   0x00000018   Code   RO         2379    .text               mf_w.l(dfltul.o)
    0x08000d48   0x08000d48   0x00000010   Code   RO           97    .text.ADC1_2_IRQHandler  stm32g4xx_it.o
    0x08000d58   0x08000d58   0x00000190   Code   RO         1350    .text.ADC_ConversionStop  stm32g4xx_hal_adc.o
    0x08000ee8   0x08000ee8   0x000000c4   Code   RO         1352    .text.ADC_Disable   stm32g4xx_hal_adc.o
    0x08000fac   0x08000fac   0x00000110   Code   RO         1364    .text.ADC_Enable    stm32g4xx_hal_adc.o
    0x080010bc   0x080010bc   0x00000418   Code   RO          143    .text.Bootloader_DisplayMenu  bootloader.o
    0x080014d4   0x080014d4   0x00000118   Code   RO          145    .text.Bootloader_GetInputFloat  bootloader.o
    0x080015ec   0x080015ec   0x000000e4   Code   RO          147    .text.Bootloader_JumpToApplication  bootloader.o
    0x080016d0   0x080016d0   0x000004d0   Code   RO          139    .text.Bootloader_Menu  bootloader.o
    0x08001ba0   0x08001ba0   0x00000004   Code   RO           77    .text.BusFault_Handler  stm32g4xx_it.o
    0x08001ba4   0x08001ba4   0x000000c8   Code   RO          166    .text.Config_Read   rou_flash.o
    0x08001c6c   0x08001c6c   0x00000002   Code   RO           83    .text.DebugMon_Handler  stm32g4xx_it.o
    0x08001c6e   0x08001c6e   0x00000002   PAD
    0x08001c70   0x08001c70   0x0000009c   Code   RO           91    .text.EXTI0_IRQHandler  stm32g4xx_it.o
    0x08001d0c   0x08001d0c   0x0000000a   Code   RO           93    .text.EXTI4_IRQHandler  stm32g4xx_it.o
    0x08001d16   0x08001d16   0x00000002   PAD
    0x08001d18   0x08001d18   0x0000000e   Code   RO           19    .text.Error_Handler  main.o
    0x08001d26   0x08001d26   0x00000002   PAD
    0x08001d28   0x08001d28   0x000000b4   Code   RO          967    .text.FLASH_FlushCaches  stm32g4xx_hal_flash_ex.o
    0x08001ddc   0x08001ddc   0x00000034   Code   RO          963    .text.FLASH_MassErase  stm32g4xx_hal_flash_ex.o
    0x08001e10   0x08001e10   0x00000032   Code   RO          965    .text.FLASH_PageErase  stm32g4xx_hal_flash_ex.o
    0x08001e42   0x08001e42   0x00000002   PAD
    0x08001e44   0x08001e44   0x0000002c   Code   RO          929    .text.FLASH_Program_DoubleWord  stm32g4xx_hal_flash.o
    0x08001e70   0x08001e70   0x00000070   Code   RO          931    .text.FLASH_Program_Fast  stm32g4xx_hal_flash.o
    0x08001ee0   0x08001ee0   0x000000f6   Code   RO          927    .text.FLASH_WaitForLastOperation  stm32g4xx_hal_flash.o
    0x08001fd6   0x08001fd6   0x00000002   PAD
    0x08001fd8   0x08001fd8   0x00000032   Code   RO          141    .text.FirmwarePresent  bootloader.o
    0x0800200a   0x0800200a   0x00000002   PAD
    0x0800200c   0x0800200c   0x000000e0   Code   RO         1471    .text.HAL_ADCEx_Calibration_Start  stm32g4xx_hal_adc_ex.o
    0x080020ec   0x080020ec   0x00000008   Code   RO         1529    .text.HAL_ADCEx_EndOfSamplingCallback  stm32g4xx_hal_adc_ex.o
    0x080020f4   0x080020f4   0x00000008   Code   RO         1521    .text.HAL_ADCEx_InjectedConvCpltCallback  stm32g4xx_hal_adc_ex.o
    0x080020fc   0x080020fc   0x00000008   Code   RO         1523    .text.HAL_ADCEx_InjectedQueueOverflowCallback  stm32g4xx_hal_adc_ex.o
    0x08002104   0x08002104   0x00000008   Code   RO         1525    .text.HAL_ADCEx_LevelOutOfWindow2Callback  stm32g4xx_hal_adc_ex.o
    0x0800210c   0x0800210c   0x00000008   Code   RO         1527    .text.HAL_ADCEx_LevelOutOfWindow3Callback  stm32g4xx_hal_adc_ex.o
    0x08002114   0x08002114   0x000007e8   Code   RO         1402    .text.HAL_ADC_ConfigChannel  stm32g4xx_hal_adc.o
    0x080028fc   0x080028fc   0x00000004   PAD
    0x08002900   0x08002900   0x0000016c   Code   RO          188    .text.HAL_ADC_ConvCpltCallback  rou_temp.o
    0x08002a6c   0x08002a6c   0x00000008   Code   RO         1324    .text.HAL_ADC_ConvHalfCpltCallback  stm32g4xx_hal_adc.o
    0x08002a74   0x08002a74   0x00000008   Code   RO         1328    .text.HAL_ADC_ErrorCallback  stm32g4xx_hal_adc.o
    0x08002a7c   0x08002a7c   0x0000000e   Code   RO         1392    .text.HAL_ADC_GetValue  stm32g4xx_hal_adc.o
    0x08002a8a   0x08002a8a   0x00000002   PAD
    0x08002a8c   0x08002a8c   0x000004b2   Code   RO         1398    .text.HAL_ADC_IRQHandler  stm32g4xx_hal_adc.o
    0x08002f3e   0x08002f3e   0x00000002   PAD
    0x08002f40   0x08002f40   0x000003aa   Code   RO         1320    .text.HAL_ADC_Init  stm32g4xx_hal_adc.o
    0x080032ea   0x080032ea   0x00000002   PAD
    0x080032ec   0x080032ec   0x00000008   Code   RO         1326    .text.HAL_ADC_LevelOutOfWindowCallback  stm32g4xx_hal_adc.o
    0x080032f4   0x080032f4   0x000000ac   Code   RO           45    .text.HAL_ADC_MspInit  adc.o
    0x080033a0   0x080033a0   0x000001fc   Code   RO         1370    .text.HAL_ADC_PollForConversion  stm32g4xx_hal_adc.o
    0x0800359c   0x0800359c   0x000001cc   Code   RO         1360    .text.HAL_ADC_Start  stm32g4xx_hal_adc.o
    0x08003768   0x08003768   0x00000080   Code   RO         1368    .text.HAL_ADC_Stop  stm32g4xx_hal_adc.o
    0x080037e8   0x080037e8   0x0000009c   Code   RO         1085    .text.HAL_DMA_Abort  stm32g4xx_hal_dma.o
    0x08003884   0x08003884   0x000000c2   Code   RO         1087    .text.HAL_DMA_Abort_IT  stm32g4xx_hal_dma.o
    0x08003946   0x08003946   0x00000002   PAD
    0x08003948   0x08003948   0x00000052   Code   RO          761    .text.HAL_DeInit    stm32g4xx_hal.o
    0x0800399a   0x0800399a   0x00000002   PAD
    0x0800399c   0x0800399c   0x00000042   Code   RO          775    .text.HAL_Delay     stm32g4xx_hal.o
    0x080039de   0x080039de   0x00000002   PAD
    0x080039e0   0x080039e0   0x000001a2   Code   RO          961    .text.HAL_FLASHEx_Erase  stm32g4xx_hal_flash_ex.o
    0x08003b82   0x08003b82   0x00000002   PAD
    0x08003b84   0x08003b84   0x00000030   Code   RO          943    .text.HAL_FLASH_Lock  stm32g4xx_hal_flash.o
    0x08003bb4   0x08003bb4   0x0000012a   Code   RO          925    .text.HAL_FLASH_Program  stm32g4xx_hal_flash.o
    0x08003cde   0x08003cde   0x00000002   PAD
    0x08003ce0   0x08003ce0   0x00000056   Code   RO          941    .text.HAL_FLASH_Unlock  stm32g4xx_hal_flash.o
    0x08003d36   0x08003d36   0x00000002   PAD
    0x08003d38   0x08003d38   0x00000044   Code   RO          287    .text.HAL_GPIO_EXTI_Callback  anemo.o
    0x08003d7c   0x08003d7c   0x00000038   Code   RO         1035    .text.HAL_GPIO_EXTI_IRQHandler  stm32g4xx_hal_gpio.o
    0x08003db4   0x08003db4   0x00000368   Code   RO         1023    .text.HAL_GPIO_Init  stm32g4xx_hal_gpio.o
    0x0800411c   0x0800411c   0x0000002c   Code   RO         1029    .text.HAL_GPIO_WritePin  stm32g4xx_hal_gpio.o
    0x08004148   0x08004148   0x0000000c   Code   RO          767    .text.HAL_GetTick   stm32g4xx_hal.o
    0x08004154   0x08004154   0x00000098   Code   RO         2085    .text.HAL_I2CEx_ConfigAnalogFilter  stm32g4xx_hal_i2c_ex.o
    0x080041ec   0x080041ec   0x000000a2   Code   RO         2087    .text.HAL_I2CEx_ConfigDigitalFilter  stm32g4xx_hal_i2c_ex.o
    0x0800428e   0x0800428e   0x00000002   PAD
    0x08004290   0x08004290   0x00000114   Code   RO         1916    .text.HAL_I2C_Init  stm32g4xx_hal_i2c.o
    0x080043a4   0x080043a4   0x0000028a   Code   RO         1984    .text.HAL_I2C_Mem_Read  stm32g4xx_hal_i2c.o
    0x0800462e   0x0800462e   0x00000002   PAD
    0x08004630   0x08004630   0x000000b8   Code   RO          194    .text.HAL_I2C_MspInit  rou_temp.o
    0x080046e8   0x080046e8   0x0000001a   Code   RO          765    .text.HAL_IncTick   stm32g4xx_hal.o
    0x08004702   0x08004702   0x00000002   PAD
    0x08004704   0x08004704   0x00000030   Code   RO          755    .text.HAL_Init      stm32g4xx_hal.o
    0x08004734   0x08004734   0x000000f2   Code   RO          126    .text.HAL_InitTick  stm32g4xx_hal_timebase_tim.o
    0x08004826   0x08004826   0x00000002   PAD
    0x08004828   0x08004828   0x0000005c   Code   RO          289    .text.HAL_LPTIM_AutoReloadMatchCallback  anemo.o
    0x08004884   0x08004884   0x00000008   Code   RO         1663    .text.HAL_LPTIM_AutoReloadWriteCallback  stm32g4xx_hal_lptim.o
    0x0800488c   0x0800488c   0x00000008   Code   RO         1655    .text.HAL_LPTIM_CompareMatchCallback  stm32g4xx_hal_lptim.o
    0x08004894   0x08004894   0x00000008   Code   RO         1661    .text.HAL_LPTIM_CompareWriteCallback  stm32g4xx_hal_lptim.o
    0x0800489c   0x0800489c   0x000000d6   Code   RO         1643    .text.HAL_LPTIM_Counter_Start_IT  stm32g4xx_hal_lptim.o
    0x08004972   0x08004972   0x00000002   PAD
    0x08004974   0x08004974   0x00000008   Code   RO         1667    .text.HAL_LPTIM_DirectionDownCallback  stm32g4xx_hal_lptim.o
    0x0800497c   0x0800497c   0x00000008   Code   RO         1665    .text.HAL_LPTIM_DirectionUpCallback  stm32g4xx_hal_lptim.o
    0x08004984   0x08004984   0x0000000e   Code   RO         1593    .text.HAL_LPTIM_GetState  stm32g4xx_hal_lptim.o
    0x08004992   0x08004992   0x00000002   PAD
    0x08004994   0x08004994   0x00000190   Code   RO         1653    .text.HAL_LPTIM_IRQHandler  stm32g4xx_hal_lptim.o
    0x08004b24   0x08004b24   0x00000170   Code   RO         1585    .text.HAL_LPTIM_Init  stm32g4xx_hal_lptim.o
    0x08004c94   0x08004c94   0x0000001c   Code   RO           60    .text.HAL_LPTIM_MspInit  lptim.o
    0x08004cb0   0x08004cb0   0x00000008   Code   RO         1659    .text.HAL_LPTIM_TriggerCallback  stm32g4xx_hal_lptim.o
    0x08004cb8   0x08004cb8   0x00000308   Code   RO          149    .text.HAL_MspDeInit  bootloader.o
    0x08004fc0   0x08004fc0   0x00000048   Code   RO          117    .text.HAL_MspInit   stm32g4xx_hal_msp.o
    0x08005008   0x08005008   0x00000014   Code   RO         1261    .text.HAL_NVIC_DisableIRQ  stm32g4xx_hal_cortex.o
    0x0800501c   0x0800501c   0x00000014   Code   RO         1257    .text.HAL_NVIC_EnableIRQ  stm32g4xx_hal_cortex.o
    0x08005030   0x08005030   0x0000002e   Code   RO         1249    .text.HAL_NVIC_SetPriority  stm32g4xx_hal_cortex.o
    0x0800505e   0x0800505e   0x00000002   PAD
    0x08005060   0x08005060   0x00000010   Code   RO         1245    .text.HAL_NVIC_SetPriorityGrouping  stm32g4xx_hal_cortex.o
    0x08005070   0x08005070   0x000001f6   Code   RO         1676    .text.HAL_OPAMP_Init  stm32g4xx_hal_opamp.o
    0x08005266   0x08005266   0x00000002   PAD
    0x08005268   0x08005268   0x000000a8   Code   RO          332    .text.HAL_OPAMP_MspInit  opamp.o
    0x08005310   0x08005310   0x00000062   Code   RO         1684    .text.HAL_OPAMP_Start  stm32g4xx_hal_opamp.o
    0x08005372   0x08005372   0x00000002   PAD
    0x08005374   0x08005374   0x000001b4   Code   RO         1166    .text.HAL_PWREx_ControlVoltageScaling  stm32g4xx_hal_pwr_ex.o
    0x08005528   0x08005528   0x00000012   Code   RO         1236    .text.HAL_PWREx_DisableUCPDDeadBattery  stm32g4xx_hal_pwr_ex.o
    0x0800553a   0x0800553a   0x00000002   PAD
    0x0800553c   0x0800553c   0x0000045a   Code   RO          880    .text.HAL_RCCEx_PeriphCLKConfig  stm32g4xx_hal_rcc_ex.o
    0x08005996   0x08005996   0x00000002   PAD
    0x08005998   0x08005998   0x00000326   Code   RO          845    .text.HAL_RCC_ClockConfig  stm32g4xx_hal_rcc.o
    0x08005cbe   0x08005cbe   0x00000002   PAD
    0x08005cc0   0x08005cc0   0x0000014e   Code   RO          841    .text.HAL_RCC_DeInit  stm32g4xx_hal_rcc.o
    0x08005e0e   0x08005e0e   0x00000002   PAD
    0x08005e10   0x08005e10   0x00000054   Code   RO          861    .text.HAL_RCC_GetClockConfig  stm32g4xx_hal_rcc.o
    0x08005e64   0x08005e64   0x0000000c   Code   RO          853    .text.HAL_RCC_GetHCLKFreq  stm32g4xx_hal_rcc.o
    0x08005e70   0x08005e70   0x00000026   Code   RO          855    .text.HAL_RCC_GetPCLK1Freq  stm32g4xx_hal_rcc.o
    0x08005e96   0x08005e96   0x00000002   PAD
    0x08005e98   0x08005e98   0x00000026   Code   RO          857    .text.HAL_RCC_GetPCLK2Freq  stm32g4xx_hal_rcc.o
    0x08005ebe   0x08005ebe   0x00000002   PAD
    0x08005ec0   0x08005ec0   0x000000fc   Code   RO          849    .text.HAL_RCC_GetSysClockFreq  stm32g4xx_hal_rcc.o
    0x08005fbc   0x08005fbc   0x000007b6   Code   RO          843    .text.HAL_RCC_OscConfig  stm32g4xx_hal_rcc.o
    0x08006772   0x08006772   0x00000002   PAD
    0x08006774   0x08006774   0x00000014   Code   RO          128    .text.HAL_SuspendTick  stm32g4xx_hal_timebase_tim.o
    0x08006788   0x08006788   0x00000008   Code   RO          731    .text.HAL_TIMEx_Break2Callback  stm32g4xx_hal_tim_ex.o
    0x08006790   0x08006790   0x00000008   Code   RO          729    .text.HAL_TIMEx_BreakCallback  stm32g4xx_hal_tim_ex.o
    0x08006798   0x08006798   0x00000008   Code   RO          725    .text.HAL_TIMEx_CommutCallback  stm32g4xx_hal_tim_ex.o
    0x080067a0   0x080067a0   0x00000008   Code   RO          735    .text.HAL_TIMEx_DirectionChangeCallback  stm32g4xx_hal_tim_ex.o
    0x080067a8   0x080067a8   0x00000008   Code   RO          733    .text.HAL_TIMEx_EncoderIndexCallback  stm32g4xx_hal_tim_ex.o
    0x080067b0   0x080067b0   0x00000008   Code   RO          737    .text.HAL_TIMEx_IndexErrorCallback  stm32g4xx_hal_tim_ex.o
    0x080067b8   0x080067b8   0x00000008   Code   RO          739    .text.HAL_TIMEx_TransitionErrorCallback  stm32g4xx_hal_tim_ex.o
    0x080067c0   0x080067c0   0x000000a8   Code   RO          358    .text.HAL_TIM_Base_Init  stm32g4xx_hal_tim.o
    0x08006868   0x08006868   0x0000006c   Code   RO          113    .text.HAL_TIM_Base_MspInit  stm32g4xx_hal_msp.o
    0x080068d4   0x080068d4   0x000000d6   Code   RO          368    .text.HAL_TIM_Base_Start  stm32g4xx_hal_tim.o
    0x080069aa   0x080069aa   0x00000002   PAD
    0x080069ac   0x080069ac   0x000000e2   Code   RO          372    .text.HAL_TIM_Base_Start_IT  stm32g4xx_hal_tim.o
    0x08006a8e   0x08006a8e   0x00000002   PAD
    0x08006a90   0x08006a90   0x00000008   Code   RO          494    .text.HAL_TIM_IC_CaptureCallback  stm32g4xx_hal_tim.o
    0x08006a98   0x08006a98   0x00000300   Code   RO          492    .text.HAL_TIM_IRQHandler  stm32g4xx_hal_tim.o
    0x08006d98   0x08006d98   0x00000008   Code   RO          496    .text.HAL_TIM_OC_DelayElapsedCallback  stm32g4xx_hal_tim.o
    0x08006da0   0x08006da0   0x00000008   Code   RO          498    .text.HAL_TIM_PWM_PulseFinishedCallback  stm32g4xx_hal_tim.o
    0x08006da8   0x08006da8   0x00000008   Code   RO          500    .text.HAL_TIM_PeriodElapsedCallback  stm32g4xx_hal_tim.o
    0x08006db0   0x08006db0   0x00000008   Code   RO          502    .text.HAL_TIM_TriggerCallback  stm32g4xx_hal_tim.o
    0x08006db8   0x08006db8   0x0000007c   Code   RO         1893    .text.HAL_UARTEx_DisableFifoMode  stm32g4xx_hal_uart_ex.o
    0x08006e34   0x08006e34   0x0000000c   Code   RO         1759    .text.HAL_UARTEx_RxEventCallback  stm32g4xx_hal_uart.o
    0x08006e40   0x08006e40   0x00000008   Code   RO         1875    .text.HAL_UARTEx_RxFifoFullCallback  stm32g4xx_hal_uart_ex.o
    0x08006e48   0x08006e48   0x0000008c   Code   RO         1897    .text.HAL_UARTEx_SetRxFifoThreshold  stm32g4xx_hal_uart_ex.o
    0x08006ed4   0x08006ed4   0x0000008c   Code   RO         1895    .text.HAL_UARTEx_SetTxFifoThreshold  stm32g4xx_hal_uart_ex.o
    0x08006f60   0x08006f60   0x00000008   Code   RO         1877    .text.HAL_UARTEx_TxFifoEmptyCallback  stm32g4xx_hal_uart_ex.o
    0x08006f68   0x08006f68   0x00000008   Code   RO         1873    .text.HAL_UARTEx_WakeupCallback  stm32g4xx_hal_uart_ex.o
    0x08006f70   0x08006f70   0x00000008   Code   RO         1749    .text.HAL_UART_AbortCpltCallback  stm32g4xx_hal_uart.o
    0x08006f78   0x08006f78   0x00000008   Code   RO         1753    .text.HAL_UART_AbortReceiveCpltCallback  stm32g4xx_hal_uart.o
    0x08006f80   0x08006f80   0x00000008   Code   RO         1751    .text.HAL_UART_AbortTransmitCpltCallback  stm32g4xx_hal_uart.o
    0x08006f88   0x08006f88   0x00000008   Code   RO         1747    .text.HAL_UART_ErrorCallback  stm32g4xx_hal_uart.o
    0x08006f90   0x08006f90   0x000005a8   Code   RO         1823    .text.HAL_UART_IRQHandler  stm32g4xx_hal_uart.o
    0x08007538   0x08007538   0x000000cc   Code   RO         1713    .text.HAL_UART_Init  stm32g4xx_hal_uart.o
    0x08007604   0x08007604   0x000000a6   Code   RO          347    .text.HAL_UART_MspInit  usart.o
    0x080076aa   0x080076aa   0x00000002   PAD
    0x080076ac   0x080076ac   0x000000a0   Code   RO         1777    .text.HAL_UART_Receive_IT  stm32g4xx_hal_uart.o
    0x0800774c   0x0800774c   0x00000168   Code   RO         1735    .text.HAL_UART_RegisterCallback  stm32g4xx_hal_uart.o
    0x080078b4   0x080078b4   0x00000048   Code   RO          101    .text.HAL_UART_RxCpltCallback  stm32g4xx_it.o
    0x080078fc   0x080078fc   0x00000008   Code   RO         1743    .text.HAL_UART_RxHalfCpltCallback  stm32g4xx_hal_uart.o
    0x08007904   0x08007904   0x00000138   Code   RO         1761    .text.HAL_UART_Transmit  stm32g4xx_hal_uart.o
    0x08007a3c   0x08007a3c   0x00000008   Code   RO         1741    .text.HAL_UART_TxCpltCallback  stm32g4xx_hal_uart.o
    0x08007a44   0x08007a44   0x00000008   Code   RO         1739    .text.HAL_UART_TxHalfCpltCallback  stm32g4xx_hal_uart.o
    0x08007a4c   0x08007a4c   0x00000004   Code   RO           73    .text.HardFault_Handler  stm32g4xx_it.o
    0x08007a50   0x08007a50   0x00000040   Code   RO         1940    .text.I2C_Flush_TXDR  stm32g4xx_hal_i2c.o
    0x08007a90   0x08007a90   0x000001fe   Code   RO         2076    .text.I2C_IsErrorOccurred  stm32g4xx_hal_i2c.o
    0x08007c8e   0x08007c8e   0x00000002   PAD
    0x08007c90   0x08007c90   0x000000be   Code   RO         1986    .text.I2C_RequestMemoryRead  stm32g4xx_hal_i2c.o
    0x08007d4e   0x08007d4e   0x00000002   PAD
    0x08007d50   0x08007d50   0x00000054   Code   RO         1928    .text.I2C_TransferConfig  stm32g4xx_hal_i2c.o
    0x08007da4   0x08007da4   0x000000c4   Code   RO         1926    .text.I2C_WaitOnFlagUntilTimeout  stm32g4xx_hal_i2c.o
    0x08007e68   0x08007e68   0x000000a2   Code   RO         1932    .text.I2C_WaitOnSTOPFlagUntilTimeout  stm32g4xx_hal_i2c.o
    0x08007f0a   0x08007f0a   0x00000002   PAD
    0x08007f0c   0x08007f0c   0x000000ac   Code   RO         1930    .text.I2C_WaitOnTXISFlagUntilTimeout  stm32g4xx_hal_i2c.o
    0x08007fb8   0x08007fb8   0x0000001c   Code   RO         1462    .text.LL_ADC_Disable  stm32g4xx_hal_adc.o
    0x08007fd4   0x08007fd4   0x00000018   Code   RO         1334    .text.LL_ADC_DisableDeepPowerDown  stm32g4xx_hal_adc.o
    0x08007fec   0x08007fec   0x0000001c   Code   RO         1460    .text.LL_ADC_Enable  stm32g4xx_hal_adc.o
    0x08008008   0x08008008   0x0000001e   Code   RO         1338    .text.LL_ADC_EnableInternalRegulator  stm32g4xx_hal_adc.o
    0x08008026   0x08008026   0x00000002   PAD
    0x08008028   0x08008028   0x00000010   Code   RO         1422    .text.LL_ADC_GetCommonPathInternalCh  stm32g4xx_hal_adc.o
    0x08008038   0x08008038   0x00000010   Code   RO         1372    .text.LL_ADC_GetMultiDMATransfer  stm32g4xx_hal_adc.o
    0x08008048   0x08008048   0x00000010   Code   RO         1362    .text.LL_ADC_GetMultimode  stm32g4xx_hal_adc.o
    0x08008058   0x08008058   0x0000001e   Code   RO         1416    .text.LL_ADC_GetOffsetChannel  stm32g4xx_hal_adc.o
    0x08008076   0x08008076   0x00000002   PAD
    0x08008078   0x08008078   0x00000010   Code   RO         1346    .text.LL_ADC_INJ_IsConversionOngoing  stm32g4xx_hal_adc.o
    0x08008088   0x08008088   0x00000016   Code   RO         1400    .text.LL_ADC_INJ_IsTriggerSourceSWStart  stm32g4xx_hal_adc.o
    0x0800809e   0x0800809e   0x00000002   PAD
    0x080080a0   0x080080a0   0x0000001c   Code   RO         1458    .text.LL_ADC_INJ_StopConversion  stm32g4xx_hal_adc.o
    0x080080bc   0x080080bc   0x0000000e   Code   RO         1475    .text.LL_ADC_IsCalibrationOnGoing  stm32g4xx_hal_adc_ex.o
    0x080080ca   0x080080ca   0x00000002   PAD
    0x080080cc   0x080080cc   0x00000010   Code   RO         1332    .text.LL_ADC_IsDeepPowerDownEnabled  stm32g4xx_hal_adc.o
    0x080080dc   0x080080dc   0x00000010   Code   RO         1454    .text.LL_ADC_IsDisableOngoing  stm32g4xx_hal_adc.o
    0x080080ec   0x080080ec   0x00000010   Code   RO         1342    .text.LL_ADC_IsEnabled  stm32g4xx_hal_adc.o
    0x080080fc   0x080080fc   0x00000010   Code   RO         1336    .text.LL_ADC_IsInternalRegulatorEnabled  stm32g4xx_hal_adc.o
    0x0800810c   0x0800810c   0x00000010   Code   RO         1340    .text.LL_ADC_REG_IsConversionOngoing  stm32g4xx_hal_adc.o
    0x0800811c   0x0800811c   0x00000016   Code   RO         1374    .text.LL_ADC_REG_IsTriggerSourceSWStart  stm32g4xx_hal_adc.o
    0x08008132   0x08008132   0x00000002   PAD
    0x08008134   0x08008134   0x0000003a   Code   RO         1404    .text.LL_ADC_REG_SetSequencerRanks  stm32g4xx_hal_adc.o
    0x0800816e   0x0800816e   0x00000002   PAD
    0x08008170   0x08008170   0x0000001c   Code   RO         1366    .text.LL_ADC_REG_StartConversion  stm32g4xx_hal_adc.o
    0x0800818c   0x0800818c   0x0000001c   Code   RO         1456    .text.LL_ADC_REG_StopConversion  stm32g4xx_hal_adc.o
    0x080081a8   0x080081a8   0x00000036   Code   RO         1406    .text.LL_ADC_SetChannelSamplingTime  stm32g4xx_hal_adc.o
    0x080081de   0x080081de   0x00000002   PAD
    0x080081e0   0x080081e0   0x00000034   Code   RO         1420    .text.LL_ADC_SetChannelSingleDiff  stm32g4xx_hal_adc.o
    0x08008214   0x08008214   0x0000001a   Code   RO         1344    .text.LL_ADC_SetCommonClock  stm32g4xx_hal_adc.o
    0x0800822e   0x0800822e   0x00000002   PAD
    0x08008230   0x08008230   0x0000001a   Code   RO         1424    .text.LL_ADC_SetCommonPathInternalCh  stm32g4xx_hal_adc.o
    0x0800824a   0x0800824a   0x00000002   PAD
    0x0800824c   0x0800824c   0x0000003c   Code   RO         1410    .text.LL_ADC_SetOffset  stm32g4xx_hal_adc.o
    0x08008288   0x08008288   0x00000028   Code   RO         1414    .text.LL_ADC_SetOffsetSaturation  stm32g4xx_hal_adc.o
    0x080082b0   0x080082b0   0x00000028   Code   RO         1412    .text.LL_ADC_SetOffsetSign  stm32g4xx_hal_adc.o
    0x080082d8   0x080082d8   0x00000028   Code   RO         1418    .text.LL_ADC_SetOffsetState  stm32g4xx_hal_adc.o
    0x08008300   0x08008300   0x0000001a   Code   RO         1408    .text.LL_ADC_SetSamplingTimeCommonConfig  stm32g4xx_hal_adc.o
    0x0800831a   0x0800831a   0x00000002   PAD
    0x0800831c   0x0800831c   0x00000028   Code   RO         1473    .text.LL_ADC_StartCalibration  stm32g4xx_hal_adc_ex.o
    0x08008344   0x08008344   0x00000010   Code   RO           95    .text.LPTIM1_IRQHandler  stm32g4xx_it.o
    0x08008354   0x08008354   0x000001a4   Code   RO         1591    .text.LPTIM_Disable  stm32g4xx_hal_lptim.o
    0x080084f8   0x080084f8   0x00000086   Code   RO         1599    .text.LPTIM_WaitForFlag  stm32g4xx_hal_lptim.o
    0x0800857e   0x0800857e   0x00000002   PAD
    0x08008580   0x08008580   0x00000082   Code   RO           41    .text.MX_ADC1_Init  adc.o
    0x08008602   0x08008602   0x00000002   PAD
    0x08008604   0x08008604   0x00000086   Code   RO           43    .text.MX_ADC2_Init  adc.o
    0x0800868a   0x0800868a   0x00000002   PAD
    0x0800868c   0x0800868c   0x00000052   Code   RO          313    .text.MX_GPIO_EXTI0_Init  rou.o
    0x080086de   0x080086de   0x00000002   PAD
    0x080086e0   0x080086e0   0x000000a6   Code   RO           33    .text.MX_GPIO_Init  gpio.o
    0x08008786   0x08008786   0x00000002   PAD
    0x08008788   0x08008788   0x00000076   Code   RO          192    .text.MX_I2C1_Init  rou_temp.o
    0x080087fe   0x080087fe   0x00000002   PAD
    0x08008800   0x08008800   0x000000ce   Code   RO           58    .text.MX_LPTIM1_Init  lptim.o
    0x080088ce   0x080088ce   0x00000002   PAD
    0x080088d0   0x080088d0   0x00000050   Code   RO          328    .text.MX_OPAMP1_Init  opamp.o
    0x08008920   0x08008920   0x00000050   Code   RO          330    .text.MX_OPAMP2_Init  opamp.o
    0x08008970   0x08008970   0x0000008a   Code   RO          315    .text.MX_TIM2_Init_1us  rou.o
    0x080089fa   0x080089fa   0x00000002   PAD
    0x080089fc   0x080089fc   0x00000004   Code   RO           75    .text.MemManage_Handler  stm32g4xx_it.o
    0x08008a00   0x08008a00   0x00000004   Code   RO           71    .text.NMI_Handler   stm32g4xx_it.o
    0x08008a04   0x08008a04   0x0000006c   Code   RO         1255    .text.NVIC_EncodePriority  stm32g4xx_hal_cortex.o
    0x08008a70   0x08008a70   0x00000002   Code   RO           85    .text.PendSV_Handler  stm32g4xx_it.o
    0x08008a72   0x08008a72   0x00000002   PAD
    0x08008a74   0x08008a74   0x0000009c   Code   RO          847    .text.RCC_GetSysClockFreqFromPLLSource  stm32g4xx_hal_rcc.o
    0x08008b10   0x08008b10   0x000000f8   Code   RO           47    .text.Read_ADC_Values  adc.o
    0x08008c08   0x08008c08   0x00000018   Code   RO          164    .text.Read_Structure_From_Flash  rou_flash.o
    0x08008c20   0x08008c20   0x00000032   Code   RO          162    .text.Read_UniqueID  rou_flash.o
    0x08008c52   0x08008c52   0x00000002   PAD
    0x08008c54   0x08008c54   0x00000002   Code   RO           81    .text.SVC_Handler   stm32g4xx_it.o
    0x08008c56   0x08008c56   0x00000002   PAD
    0x08008c58   0x08008c58   0x00000022   Code   RO          309    .text.SendCharFTDI  rou.o
    0x08008c7a   0x08008c7a   0x00000002   PAD
    0x08008c7c   0x08008c7c   0x00000026   Code   RO          311    .text.SendStringFTDI  rou.o
    0x08008ca2   0x08008ca2   0x00000002   PAD
    0x08008ca4   0x08008ca4   0x00000002   Code   RO           87    .text.SysTick_Handler  stm32g4xx_it.o
    0x08008ca6   0x08008ca6   0x00000002   PAD
    0x08008ca8   0x08008ca8   0x0000008e   Code   RO           17    .text.SystemClock_Config  main.o
    0x08008d36   0x08008d36   0x00000002   PAD
    0x08008d38   0x08008d38   0x0000008a   Code   RO           15    .text.SystemClock_Config2MZ  main.o
    0x08008dc2   0x08008dc2   0x00000002   PAD
    0x08008dc4   0x08008dc4   0x00000012   Code   RO         2238    .text.SystemInit    system_stm32g4xx.o
    0x08008dd6   0x08008dd6   0x00000002   PAD
    0x08008dd8   0x08008dd8   0x00000014   Code   RO           89    .text.TIM4_IRQHandler  stm32g4xx_it.o
    0x08008dec   0x08008dec   0x00000196   Code   RO          362    .text.TIM_Base_SetConfig  stm32g4xx_hal_tim.o
    0x08008f82   0x08008f82   0x00000002   PAD
    0x08008f84   0x08008f84   0x00000090   Code   RO          186    .text.TMP1075_ReadTemperature  rou_temp.o
    0x08009014   0x08009014   0x000000ee   Code   RO          345    .text.UART2_Init    usart.o
    0x08009102   0x08009102   0x00000002   PAD
    0x08009104   0x08009104   0x00000086   Code   RO         1891    .text.UARTEx_SetNbDataToProcess  stm32g4xx_hal_uart_ex.o
    0x0800918a   0x0800918a   0x00000002   PAD
    0x0800918c   0x0800918c   0x00000148   Code   RO         1719    .text.UART_AdvFeatureConfig  stm32g4xx_hal_uart.o
    0x080092d4   0x080092d4   0x00000146   Code   RO         1723    .text.UART_CheckIdleState  stm32g4xx_hal_uart.o
    0x0800941a   0x0800941a   0x00000002   PAD
    0x0800941c   0x0800941c   0x00000020   Code   RO         1825    .text.UART_DMAAbortOnError  stm32g4xx_hal_uart.o
    0x0800943c   0x0800943c   0x0000009e   Code   RO         1801    .text.UART_EndRxTransfer  stm32g4xx_hal_uart.o
    0x080094da   0x080094da   0x00000002   PAD
    0x080094dc   0x080094dc   0x00000046   Code   RO         1827    .text.UART_EndTransmit_IT  stm32g4xx_hal_uart.o
    0x08009522   0x08009522   0x00000002   PAD
    0x08009524   0x08009524   0x000000b0   Code   RO         1715    .text.UART_InitCallbacksToDefault  stm32g4xx_hal_uart.o
    0x080095d4   0x080095d4   0x00000188   Code   RO         1855    .text.UART_RxISR_16BIT  stm32g4xx_hal_uart.o
    0x0800975c   0x0800975c   0x0000030e   Code   RO         1851    .text.UART_RxISR_16BIT_FIFOEN  stm32g4xx_hal_uart.o
    0x08009a6a   0x08009a6a   0x00000002   PAD
    0x08009a6c   0x08009a6c   0x00000184   Code   RO         1857    .text.UART_RxISR_8BIT  stm32g4xx_hal_uart.o
    0x08009bf0   0x08009bf0   0x0000030a   Code   RO         1853    .text.UART_RxISR_8BIT_FIFOEN  stm32g4xx_hal_uart.o
    0x08009efa   0x08009efa   0x00000002   PAD
    0x08009efc   0x08009efc   0x00000570   Code   RO         1721    .text.UART_SetConfig  stm32g4xx_hal_uart.o
    0x0800a46c   0x0800a46c   0x00000222   Code   RO         1779    .text.UART_Start_Receive_IT  stm32g4xx_hal_uart.o
    0x0800a68e   0x0800a68e   0x00000002   PAD
    0x0800a690   0x0800a690   0x0000010c   Code   RO         1763    .text.UART_WaitOnFlagUntilTimeout  stm32g4xx_hal_uart.o
    0x0800a79c   0x0800a79c   0x00000010   Code   RO           99    .text.USART2_IRQHandler  stm32g4xx_it.o
    0x0800a7ac   0x0800a7ac   0x00000004   Code   RO           79    .text.UsageFault_Handler  stm32g4xx_it.o
    0x0800a7b0   0x0800a7b0   0x0000008a   Code   RO          168    .text.Write_Structure_To_Flash  rou_flash.o
    0x0800a83a   0x0800a83a   0x00000002   PAD
    0x0800a83c   0x0800a83c   0x00000038   Code   RO         1263    .text.__NVIC_DisableIRQ  stm32g4xx_hal_cortex.o
    0x0800a874   0x0800a874   0x00000030   Code   RO         1259    .text.__NVIC_EnableIRQ  stm32g4xx_hal_cortex.o
    0x0800a8a4   0x0800a8a4   0x00000010   Code   RO         1251    .text.__NVIC_GetPriorityGrouping  stm32g4xx_hal_cortex.o
    0x0800a8b4   0x0800a8b4   0x00000042   Code   RO         1253    .text.__NVIC_SetPriority  stm32g4xx_hal_cortex.o
    0x0800a8f6   0x0800a8f6   0x00000002   PAD
    0x0800a8f8   0x0800a8f8   0x0000003c   Code   RO           13    .text.__NVIC_SetPriorityGrouping  main.o
    0x0800a934   0x0800a934   0x0000003c   Code   RO         1247    .text.__NVIC_SetPriorityGrouping  stm32g4xx_hal_cortex.o
    0x0800a970   0x0800a970   0x00000090   Code   RO          293    .text.calculer_vitesse_vent  anemo.o
    0x0800aa00   0x0800aa00   0x00000060   Code   RO          255    .text.fifo_get      fifo.o
    0x0800aa60   0x0800aa60   0x0000001e   Code   RO          249    .text.fifo_init     fifo.o
    0x0800aa7e   0x0800aa7e   0x00000002   PAD
    0x0800aa80   0x0800aa80   0x00000036   Code   RO          251    .text.fifo_is_empy  fifo.o
    0x0800aab6   0x0800aab6   0x00000002   PAD
    0x0800aab8   0x0800aab8   0x0000005c   Code   RO          253    .text.fifo_put      fifo.o
    0x0800ab14   0x0800ab14   0x00000096   Code   RO          257    .text.fifo_wait_for  fifo.o
    0x0800abaa   0x0800abaa   0x00000002   PAD
    0x0800abac   0x0800abac   0x00000068   Code   RO          272    .text.flash_compute_crc16  xmodem.o
    0x0800ac14   0x0800ac14   0x00000046   Code   RO          174    .text.flash_erase_sector  rou_flash.o
    0x0800ac5a   0x0800ac5a   0x00000002   PAD
    0x0800ac5c   0x0800ac5c   0x0000001a   Code   RO          176    .text.flash_read    rou_flash.o
    0x0800ac76   0x0800ac76   0x00000002   PAD
    0x0800ac78   0x0800ac78   0x00000098   Code   RO          172    .text.flash_write   rou_flash.o
    0x0800ad10   0x0800ad10   0x00000142   Code   RO          270    .text.flash_write_callback  xmodem.o
    0x0800ae52   0x0800ae52   0x00000002   PAD
    0x0800ae54   0x0800ae54   0x0000000e   Code   RO          291    .text.get_time_us   anemo.o
    0x0800ae62   0x0800ae62   0x00000006   PAD
    0x0800ae68   0x0800ae68   0x00000178   Code   RO           11    .text.main          main.o
    0x0800afe0   0x0800afe0   0x0000009e   Code   RO          268    .text.xmodem_compute_crc16  xmodem.o
    0x0800b07e   0x0800b07e   0x00000002   PAD
    0x0800b080   0x0800b080   0x000002de   Code   RO          266    .text.xmodem_receive_1k_blockwise  xmodem.o
    0x0800b35e   0x0800b35e   0x00000002   PAD
    0x0800b360   0x0800b360   0x00000034   Code   RO         2272    i.__0snprintf       mc_w.l(printfa.o)
    0x0800b394   0x0800b394   0x00000004   PAD
    0x0800b398   0x0800b398   0x00000038   Code   RO         2251    i.__hardfp_atof     m_wm.l(atof.o)
    0x0800b3d0   0x0800b3d0   0x0000000c   Code   RO         2341    i.__read_errno      mc_w.l(errno.o)
    0x0800b3dc   0x0800b3dc   0x0000000e   Code   RO         2383    i.__scatterload_copy  mc_w.l(handlers.o)
    0x0800b3ea   0x0800b3ea   0x00000002   Code   RO         2384    i.__scatterload_null  mc_w.l(handlers.o)
    0x0800b3ec   0x0800b3ec   0x0000000e   Code   RO         2385    i.__scatterload_zeroinit  mc_w.l(handlers.o)
    0x0800b3fa   0x0800b3fa   0x00000002   PAD
    0x0800b3fc   0x0800b3fc   0x0000000c   Code   RO         2342    i.__set_errno       mc_w.l(errno.o)
    0x0800b408   0x0800b408   0x00000184   Code   RO         2278    i._fp_digits        mc_w.l(printfa.o)
    0x0800b58c   0x0800b58c   0x0000000e   Code   RO         2371    i._is_digit         mc_w.l(scanf_fp.o)
    0x0800b59a   0x0800b59a   0x00000002   PAD
    0x0800b59c   0x0800b59c   0x000006dc   Code   RO         2279    i._printf_core      mc_w.l(printfa.o)
    0x0800bc78   0x0800bc78   0x00000024   Code   RO         2280    i._printf_post_padding  mc_w.l(printfa.o)
    0x0800bc9c   0x0800bc9c   0x0000002e   Code   RO         2281    i._printf_pre_padding  mc_w.l(printfa.o)
    0x0800bcca   0x0800bcca   0x00000016   Code   RO         2282    i._snputc           mc_w.l(printfa.o)
    0x0800bce0   0x0800bce0   0x00000040   Data   RO         2377    .constdata          mc_w.l(ctype_c.o)
    0x0800bd20   0x0800bd20   0x00000010   Data   RO         2243    .rodata.AHBPrescTable  system_stm32g4xx.o
    0x0800bd30   0x0800bd30   0x00000008   Data   RO         2244    .rodata.APBPrescTable  system_stm32g4xx.o
    0x0800bd38   0x0800bd38   0x00000008   Data   RO         1908    .rodata.UARTEx_SetNbDataToProcess.denominator  stm32g4xx_hal_uart_ex.o
    0x0800bd40   0x0800bd40   0x00000008   Data   RO         1907    .rodata.UARTEx_SetNbDataToProcess.numerator  stm32g4xx_hal_uart_ex.o
    0x0800bd48   0x0800bd48   0x00000018   Data   RO         1863    .rodata.UARTPrescTable  stm32g4xx_hal_uart.o
    0x0800bd60   0x0800bd60   0x00000200   Data   RO          279    .rodata.crc16_table  xmodem.o
    0x0800bf60   0x0800bf60   0x00000004   Data   RO          220    .rodata.flash_address  ram.o
    0x0800bf64   0x0800bf64   0x00000004   Data   RO          219    .rodata.flash_address_config  ram.o
    0x0800bf68   0x0800bf68   0x00000020   Data   RO          153    .rodata.menu_items  bootloader.o
    0x0800bf88   0x0800bf88   0x00000555   Data   RO          151    .rodata.str1.1      bootloader.o
    0x0800c4dd   0x0800c4dd   0x00000003   PAD
    0x0800c4e0   0x0800c4e0   0x00000020   Data   RO         2382    Region$$Table       anon$$obj.o


    Execution Region RW_IRAM1 (Exec base: 0x20000000, Load base: 0x0800c800, Size: 0x00005020, Max: 0x00008000, ABSOLUTE)

    Exec Addr    Load Addr    Size         Type   Attr      Idx    E Section Name        Object

    0x20000000   0x0800c800   0x00000004   Data   RW         2343    .data               mc_w.l(errno.o)
    0x20000004   0x0800c804   0x00000004   Data   RW         2242    .data.SystemCoreClock  system_stm32g4xx.o
    0x20000008   0x0800c808   0x00000014   Data   RW          152    .data.ascii_art     bootloader.o
    0x2000001c   0x0800c81c   0x00000004   Data   RW          276    .data.flash_write_callback.flash_current_address  xmodem.o
    0x20000020   0x0800c820   0x00000020   Data   RW          953    .data.pFlash        stm32g4xx_hal_flash.o
    0x20000040   0x0800c840   0x00000004   Data   RW          832    .data.uwTickFreq    stm32g4xx_hal.o
    0x20000044   0x0800c844   0x00000004   Data   RW          831    .data.uwTickPrio    stm32g4xx_hal.o
    0x20000048   0x0800c848   0x000007b8   PAD
    0x20000800        -       0x00000008   Zero   RW          236    .bss.AD1_RES        ram.o
    0x20000808        -       0x00000004   Zero   RW          295    .bss.TVraiInt       anemo.o
    0x2000080c        -       0x0000004c   Zero   RW          241    .bss.TimHandle      ram.o
    0x20000858        -       0x00000004   Zero   RW          201    .bss.adc1_in10      rou_temp.o
    0x2000085c        -       0x00000002   Zero   RW           49    .bss.adc1_value     adc.o
    0x2000085e   0x0800c848   0x00000002   PAD
    0x20000860        -       0x00000004   Zero   RW          202    .bss.adc2_in10      rou_temp.o
    0x20000864        -       0x00000002   Zero   RW           50    .bss.adc2_value     adc.o
    0x20000866   0x0800c848   0x0000079a   PAD
    0x20001000        -       0x00000800   Zero   RW           23    .bss.config_read_back  main.o
    0x20001800        -       0x00000004   Zero   RW          229    .bss.fcurrent_tick  ram.o
    0x20001804        -       0x00000001   Zero   RW          154    .bss.firmware_ok    bootloader.o
    0x20001805        -       0x00000800   Zero   RW          277    .bss.flash_buffer   xmodem.o
    0x20002005        -       0x00000001   Zero   RW          275    .bss.flash_write_callback.block_index  xmodem.o
    0x20002006        -       0x00000004   Zero   RW          274    .bss.flash_write_callback.rx_crc  xmodem.o
    0x2000200a   0x0800c848   0x00000002   PAD
    0x2000200c        -       0x00000004   Zero   RW          228    .bss.flast_tick     ram.o
    0x20002010        -       0x00000004   Zero   RW          299    .bss.g_exti0_delta_us  anemo.o
    0x20002014        -       0x00000004   Zero   RW          298    .bss.g_tim2_lastCapture  anemo.o
    0x20002018        -       0x000000cc   Zero   RW          240    .bss.hUART2         ram.o
    0x200020e4        -       0x00000098   Zero   RW          233    .bss.hadc1          ram.o
    0x2000217c        -       0x00000098   Zero   RW          234    .bss.hadc2          ram.o
    0x20002214        -       0x00000054   Zero   RW          242    .bss.hi2c1          ram.o
    0x20002268        -       0x00000038   Zero   RW          227    .bss.hlptim1        ram.o
    0x200022a0        -       0x0000003c   Zero   RW          336    .bss.hopamp1        opamp.o
    0x200022dc        -       0x0000003c   Zero   RW          337    .bss.hopamp2        opamp.o
    0x20002318        -       0x0000004c   Zero   RW          226    .bss.htim2          ram.o
    0x20002364        -       0x00000004   Zero   RW          230    .bss.interval       ram.o
    0x20002368        -       0x00000001   Zero   RW          105    .bss.received_char2  stm32g4xx_it.o
    0x20002369   0x0800c848   0x00000003   PAD
    0x2000236c        -       0x00000004   Zero   RW          231    .bss.t1             ram.o
    0x20002370        -       0x00000808   Zero   RW          223    .bss.usart2_fifo    ram.o
    0x20002b78        -       0x00000004   Zero   RW          833    .bss.uwTick         stm32g4xx_hal.o
    0x20002b7c        -       0x00000004   Zero   RW          237    .bss.v_ADC1_IN10    ram.o
    0x20002b80        -       0x00000004   Zero   RW          238    .bss.v_ADC2_IN10    ram.o
    0x20002b84   0x0800c848   0x0000047c   PAD
    0x20003000        -       0x00000800   Zero   RW          224    .bss.v_AppConfig    ram.o
    0x20003800        -       0x00000800   Zero   RW          222    .bss.v_config_system  ram.o
    0x20004000        -       0x00000002   Zero   RW          205    .bss.v_moy_adc1_in10  rou_temp.o
    0x20004002        -       0x00000002   Zero   RW          206    .bss.v_moy_adc2_in10  rou_temp.o
    0x20004004        -       0x00000004   Zero   RW          221    .bss.v_temperature_mesuree  ram.o
    0x20004008        -       0x00000004   Zero   RW          243    .bss.v_temperture_TM1075  ram.o
    0x2000400c        -       0x00000004   Zero   RW          225    .bss.v_vitesse_vent  ram.o
    0x20004010        -       0x00000800   Zero   RW          278    .bss.verify_buffer  xmodem.o
    0x20004810        -       0x00000004   Zero   RW          208    .bss.w_ADC1_IN10    rou_temp.o
    0x20004814        -       0x00000004   Zero   RW          209    .bss.w_ADC2_IN10    rou_temp.o
    0x20004818        -       0x00000004   Zero   RW          197    .bss.w_nbr_acq1_temp  rou_temp.o
    0x2000481c   0x0800c848   0x00000004   PAD
    0x20004820        -       0x00000800   Zero   RW            1    STACK               startup_stm32g431xx.o


==============================================================================

Image component sizes


      Code (inc. data)   RO Data    RW Data    ZI Data      Debug   Object Name

       684          8          0          0          4       6963   adc.o
       318          8          0          0         12       3047   anemo.o
      3614         20       1397         20          1       7128   bootloader.o
       422          0          0          0          0       1987   fifo.o
       166          0          0          0          0       2260   gpio.o
       234          0          0          0          0       4906   lptim.o
       730          8          0          0       2048       5436   main.o
       328          0          0          0        120       3986   opamp.o
         0          0          8          0       6996      12068   ram.o
       292          0          0          0          0       5515   rou.o
       660          0          0          0          0       3729   rou_flash.o
       810         16          0          0         24       9262   rou_temp.o
        36          8        472          0       2048        820   startup_stm32g431xx.o
       234          0          0          8          4       8395   stm32g4xx_hal.o
      7000          0          0          0          0      23953   stm32g4xx_hal_adc.o
       318          0          0          0          0      19903   stm32g4xx_hal_adc_ex.o
       456          0          0          0          0       9385   stm32g4xx_hal_cortex.o
       350          0          0          0          0       7746   stm32g4xx_hal_dma.o
       834          0          0         32          0       5542   stm32g4xx_hal_flash.o
       700          0          0          0          0       7339   stm32g4xx_hal_flash_ex.o
       972          0          0          0          0       5283   stm32g4xx_hal_gpio.o
      2304          0          0          0          0      36719   stm32g4xx_hal_i2c.o
       314          0          0          0          0       6242   stm32g4xx_hal_i2c_ex.o
      1598          0          0          0          0      12106   stm32g4xx_hal_lptim.o
       180          0          0          0          0       7182   stm32g4xx_hal_msp.o
       600          0          0          0          0       5690   stm32g4xx_hal_opamp.o
       454          0          0          0          0       7778   stm32g4xx_hal_pwr_ex.o
      3694          0          0          0          0       9367   stm32g4xx_hal_rcc.o
      1114          0          0          0          0      10878   stm32g4xx_hal_rcc_ex.o
      1822          0          0          0          0      37833   stm32g4xx_hal_tim.o
        56          0          0          0          0      21644   stm32g4xx_hal_tim_ex.o
       262          0          0          0          0       4854   stm32g4xx_hal_timebase_tim.o
      8188         62         24          0          0      30112   stm32g4xx_hal_uart.o
       562          0         16          0          0       9349   stm32g4xx_hal_uart_ex.o
       334          8          0          0          1       5924   stm32g4xx_it.o
        18          0         24          4          0       2663   system_stm32g4xx.o
       404          0          0          0          0       9009   usart.o
      1318          0        512          4       4101       3059   xmodem.o

    ----------------------------------------------------------------------
     42556        138       2488         68      20440     375062   Object Totals
         0          0         32          0          0          0   (incl. Generated)
       176          0          3          0       5081          0   (incl. Padding)

    ----------------------------------------------------------------------

      Code (inc. data)   RO Data    RW Data    ZI Data      Debug   Library Member Name

        56         10          0          0          0        132   atof.o
        64          0          0          0          0         84   _sgetc.o
        40          6         64          0          0         68   ctype_c.o
         0          0          0          0          0          0   entry.o
         0          0          0          0          0          0   entry10a.o
         0          0          0          0          0          0   entry11a.o
         8          4          0          0          0          0   entry2.o
         4          0          0          0          0          0   entry5.o
         0          0          0          0          0          0   entry7b.o
         0          0          0          0          0          0   entry8b.o
         8          4          0          0          0          0   entry9a.o
        24         12          0          4          0        136   errno.o
        30          0          0          0          0          0   handlers.o
        48         10          0          0          0         68   init.o
        10          0          0          0          0         68   isspace_c.o
         0          0          0          0          0          0   iusefp.o
        30          0          0          0          0         68   llshl.o
        36          0          0          0          0         68   llsshr.o
        32          0          0          0          0         68   llushr.o
        36          0          0          0          0         68   memcpya.o
        36          0          0          0          0        108   memseta.o
      2300         84          0          0          0        524   printfa.o
       878         12          0          0          0        216   scanf_fp.o
        14          0          0          0          0         68   strlen.o
       168         12          0          0          0        124   strtod.o
        44          0          0          0          0         80   uidiv.o
        98          0          0          0          0         92   uldiv.o
        48          0          0          0          0         68   cdrcmple.o
        56          0          0          0          0         88   d2f.o
       334          0          0          0          0        148   dadd.o
        54          0          0          0          0         80   dcmpge.o
       222          0          0          0          0        100   ddiv.o
       186          0          0          0          0        176   depilogue.o
        48          0          0          0          0         68   dfixul.o
        24          0          0          0          0         76   dfltul.o
       228          0          0          0          0         96   dmul.o
        38          0          0          0          0         68   f2d.o
       110          0          0          0          0        168   fepilogue.o

    ----------------------------------------------------------------------
      5324        158         64          4          0       3176   Library Totals
        12          4          0          0          0          0   (incl. Padding)

    ----------------------------------------------------------------------

      Code (inc. data)   RO Data    RW Data    ZI Data      Debug   Library Name

        56         10          0          0          0        132   m_wm.l
      3908        144         64          4          0       1908   mc_w.l
      1348          0          0          0          0       1136   mf_w.l

    ----------------------------------------------------------------------
      5324        158         64          4          0       3176   Library Totals

    ----------------------------------------------------------------------

==============================================================================


      Code (inc. data)   RO Data    RW Data    ZI Data      Debug   

     47880        296       2552         72      20440     376182   Grand Totals
     47880        296       2552         72      20440     376182   ELF Image Totals
     47880        296       2552         72          0          0   ROM Totals

==============================================================================

    Total RO  Size (Code + RO Data)                50432 (  49.25kB)
    Total RW  Size (RW Data + ZI Data)             20512 (  20.03kB)
    Total ROM Size (Code + RO Data + RW Data)      50504 (  49.32kB)

==============================================================================

